10:00:01 **** Auto Build of configuration Debug for project C_Controller_v1 ****
make pre-build main-build 
a9-linaro-pre-build-step
' '
'Building file: ../src/echo.c'
'Invoking: ARM v7 gcc compiler'
arm-none-eabi-gcc -Wall -O0 -g3 -c -fmessage-length=0 -MT"src/echo.o" -mcpu=cortex-a9 -mfpu=vfpv3 -mfloat-abi=hard -I../../C_Controller_v1_bsp/ps7_cortexa9_0/include -MMD -MP -MF"src/echo.d" -MT"src/echo.o" -o "src/echo.o" "../src/echo.c"
'Finished building: ../src/echo.c'
' '
'Building file: ../src/i2c_access.c'
'Invoking: ARM v7 gcc compiler'
arm-none-eabi-gcc -Wall -O0 -g3 -c -fmessage-length=0 -MT"src/i2c_access.o" -mcpu=cortex-a9 -mfpu=vfpv3 -mfloat-abi=hard -I../../C_Controller_v1_bsp/ps7_cortexa9_0/include -MMD -MP -MF"src/i2c_access.d" -MT"src/i2c_access.o" -o "src/i2c_access.o" "../src/i2c_access.c"
'Finished building: ../src/i2c_access.c'
' '
'Building file: ../src/iic_phyreset.c'
'Invoking: ARM v7 gcc compiler'
arm-none-eabi-gcc -Wall -O0 -g3 -c -fmessage-length=0 -MT"src/iic_phyreset.o" -mcpu=cortex-a9 -mfpu=vfpv3 -mfloat-abi=hard -I../../C_Controller_v1_bsp/ps7_cortexa9_0/include -MMD -MP -MF"src/iic_phyreset.d" -MT"src/iic_phyreset.o" -o "src/iic_phyreset.o" "../src/iic_phyreset.c"
'Finished building: ../src/iic_phyreset.c'
' '
'Building file: ../src/main.c'
'Invoking: ARM v7 gcc compiler'
arm-none-eabi-gcc -Wall -O0 -g3 -c -fmessage-length=0 -MT"src/main.o" -mcpu=cortex-a9 -mfpu=vfpv3 -mfloat-abi=hard -I../../C_Controller_v1_bsp/ps7_cortexa9_0/include -MMD -MP -MF"src/main.d" -MT"src/main.o" -o "src/main.o" "../src/main.c"
In file included from ../../C_Controller_v1_bsp/ps7_cortexa9_0/include/xaxidma_bd.h:116:0,
                 from ../../C_Controller_v1_bsp/ps7_cortexa9_0/include/xaxidma_bdring.h:83,
                 from ../../C_Controller_v1_bsp/ps7_cortexa9_0/include/xaxidma.h:488,
                 from ../src/state_machine.h:9,
                 from ../src/main.c:43:
../../C_Controller_v1_bsp/ps7_cortexa9_0/include/xdebug.h:8:2: warning: #warning DEBUG is enabled [-Wcpp]
 #warning DEBUG is enabled
  ^~~~~~~
../src/main.c: In function 'main':
../src/main.c:159:2: warning: implicit declaration of function 'print_ip_settings' [-Wimplicit-function-declaration]
  print_ip_settings(&ipaddr, &netmask, &gw);
  ^~~~~~~~~~~~~~~~~
'Finished building: ../src/main.c'
' '
'Building file: ../src/platform_zynq.c'
'Invoking: ARM v7 gcc compiler'
arm-none-eabi-gcc -Wall -O0 -g3 -c -fmessage-length=0 -MT"src/platform_zynq.o" -mcpu=cortex-a9 -mfpu=vfpv3 -mfloat-abi=hard -I../../C_Controller_v1_bsp/ps7_cortexa9_0/include -MMD -MP -MF"src/platform_zynq.d" -MT"src/platform_zynq.o" -o "src/platform_zynq.o" "../src/platform_zynq.c"
'Finished building: ../src/platform_zynq.c'
' '
'Building file: ../src/platform_zynqmp.c'
'Invoking: ARM v7 gcc compiler'
arm-none-eabi-gcc -Wall -O0 -g3 -c -fmessage-length=0 -MT"src/platform_zynqmp.o" -mcpu=cortex-a9 -mfpu=vfpv3 -mfloat-abi=hard -I../../C_Controller_v1_bsp/ps7_cortexa9_0/include -MMD -MP -MF"src/platform_zynqmp.d" -MT"src/platform_zynqmp.o" -o "src/platform_zynqmp.o" "../src/platform_zynqmp.c"
'Finished building: ../src/platform_zynqmp.c'
' '
'Building file: ../src/sfp.c'
'Invoking: ARM v7 gcc compiler'
arm-none-eabi-gcc -Wall -O0 -g3 -c -fmessage-length=0 -MT"src/sfp.o" -mcpu=cortex-a9 -mfpu=vfpv3 -mfloat-abi=hard -I../../C_Controller_v1_bsp/ps7_cortexa9_0/include -MMD -MP -MF"src/sfp.d" -MT"src/sfp.o" -o "src/sfp.o" "../src/sfp.c"
'Finished building: ../src/sfp.c'
' '
'Building file: ../src/si5324.c'
'Invoking: ARM v7 gcc compiler'
arm-none-eabi-gcc -Wall -O0 -g3 -c -fmessage-length=0 -MT"src/si5324.o" -mcpu=cortex-a9 -mfpu=vfpv3 -mfloat-abi=hard -I../../C_Controller_v1_bsp/ps7_cortexa9_0/include -MMD -MP -MF"src/si5324.d" -MT"src/si5324.o" -o "src/si5324.o" "../src/si5324.c"
'Finished building: ../src/si5324.c'
' '
'Building file: ../src/state_machine.c'
'Invoking: ARM v7 gcc compiler'
arm-none-eabi-gcc -Wall -O0 -g3 -c -fmessage-length=0 -MT"src/state_machine.o" -mcpu=cortex-a9 -mfpu=vfpv3 -mfloat-abi=hard -I../../C_Controller_v1_bsp/ps7_cortexa9_0/include -MMD -MP -MF"src/state_machine.d" -MT"src/state_machine.o" -o "src/state_machine.o" "../src/state_machine.c"
In file included from ../../C_Controller_v1_bsp/ps7_cortexa9_0/include/xaxidma_bd.h:116:0,
                 from ../../C_Controller_v1_bsp/ps7_cortexa9_0/include/xaxidma_bdring.h:83,
                 from ../../C_Controller_v1_bsp/ps7_cortexa9_0/include/xaxidma.h:488,
                 from ../src/state_machine.h:9,
                 from ../src/state_machine.c:7:
../../C_Controller_v1_bsp/ps7_cortexa9_0/include/xdebug.h:8:2: warning: #warning DEBUG is enabled [-Wcpp]
 #warning DEBUG is enabled
  ^~~~~~~
In file included from ../src/state_machine.c:9:0:
../../C_Controller_v1_bsp/ps7_cortexa9_0/include/xtime_l.h:87:9: note: #pragma message: For the sleep routines, Global timer is being used
 #pragma message ("For the sleep routines, Global timer is being used")
         ^~~~~~~
In file included from ../src/state_machine.h:6:0,
                 from ../src/state_machine.c:7:
../src/echo.h:38:21: warning: 'server_netif' defined but not used [-Wunused-variable]
 static struct netif server_netif;
                     ^~~~~~~~~~~~
'Finished building: ../src/state_machine.c'
' '
'Building file: ../src/utils.c'
'Invoking: ARM v7 gcc compiler'
arm-none-eabi-gcc -Wall -O0 -g3 -c -fmessage-length=0 -MT"src/utils.o" -mcpu=cortex-a9 -mfpu=vfpv3 -mfloat-abi=hard -I../../C_Controller_v1_bsp/ps7_cortexa9_0/include -MMD -MP -MF"src/utils.d" -MT"src/utils.o" -o "src/utils.o" "../src/utils.c"
In file included from ../../C_Controller_v1_bsp/ps7_cortexa9_0/include/xaxidma_bd.h:116:0,
                 from ../../C_Controller_v1_bsp/ps7_cortexa9_0/include/xaxidma_bdring.h:83,
                 from ../../C_Controller_v1_bsp/ps7_cortexa9_0/include/xaxidma.h:488,
                 from ../src/state_machine.h:9,
                 from ../src/utils.c:3:
../../C_Controller_v1_bsp/ps7_cortexa9_0/include/xdebug.h:8:2: warning: #warning DEBUG is enabled [-Wcpp]
 #warning DEBUG is enabled
  ^~~~~~~
../src/utils.c: In function 'initialise_FPGA':
../src/utils.c:129:2: warning: implicit declaration of function 'sleep' [-Wimplicit-function-declaration]
  sleep(1); //Let the IOs.
  ^~~~~
../src/utils.c: In function 'dma_send_recv_test':
../src/utils.c:452:2: warning: this 'while' clause does not guard... [-Wmisleading-indentation]
  while (XAxiDma_Busy(&GLOBAL_SM_DATA.AxiDma, XAXIDMA_DMA_TO_DEVICE));
  ^~~~~
../src/utils.c:454:2: note: ...this statement, but the latter is misleadingly indented as if it were guarded by the 'while'
  {
  ^
../src/utils.c: In function 'verilog_scan_in':
../src/utils.c:519:2: warning: this 'while' clause does not guard... [-Wmisleading-indentation]
  while (XAxiDma_Busy(&GLOBAL_SM_DATA.AxiDma, XAXIDMA_DMA_TO_DEVICE));
  ^~~~~
../src/utils.c:521:2: note: ...this statement, but the latter is misleadingly indented as if it were guarded by the 'while'
  {
  ^
../src/utils.c:542:2: warning: this 'while' clause does not guard... [-Wmisleading-indentation]
  while(!(get_AXI_Bits(0) & (u8)4));
  ^~~~~
../src/utils.c:544:2: note: ...this statement, but the latter is misleadingly indented as if it were guarded by the 'while'
  {
  ^
../src/utils.c: In function 'verilog_scan_out':
../src/utils.c:576:2: warning: this 'while' clause does not guard... [-Wmisleading-indentation]
  while(!(get_AXI_Bits(0) & (u8)8));
  ^~~~~
../src/utils.c:578:2: note: ...this statement, but the latter is misleadingly indented as if it were guarded by the 'while'
  {
  ^
../src/utils.c:600:2: warning: this 'while' clause does not guard... [-Wmisleading-indentation]
  while (XAxiDma_Busy(&GLOBAL_SM_DATA.AxiDma, XAXIDMA_DEVICE_TO_DMA));
  ^~~~~
../src/utils.c:603:2: note: ...this statement, but the latter is misleadingly indented as if it were guarded by the 'while'
  {
  ^
../src/utils.c: In function 'write_SRAM_WL_Verilog':
../src/utils.c:703:2: warning: this 'while' clause does not guard... [-Wmisleading-indentation]
  while(!(get_AXI_Bits(0) & (u8)16));
  ^~~~~
../src/utils.c:706:2: note: ...this statement, but the latter is misleadingly indented as if it were guarded by the 'while'
  {
  ^
../src/utils.c: In function 'marching_Pattern_SRAM':
../src/utils.c:990:7: warning: variable 'scanned_bytes' set but not used [-Wunused-but-set-variable]
   u16 scanned_bytes = read_SRAM_WL(wl);
       ^~~~~~~~~~~~~
In file included from ../src/state_machine.h:6:0,
                 from ../src/utils.c:3:
At top level:
../src/echo.h:38:21: warning: 'server_netif' defined but not used [-Wunused-variable]
 static struct netif server_netif;
                     ^~~~~~~~~~~~
'Finished building: ../src/utils.c'
' '
'Building target: C_Controller_v1.elf'
'Invoking: ARM v7 gcc linker'
arm-none-eabi-gcc -mcpu=cortex-a9 -mfpu=vfpv3 -mfloat-abi=hard -Wl,-build-id=none -specs=Xilinx.spec -Wl,-T -Wl,../src/lscript.ld -L../../C_Controller_v1_bsp/ps7_cortexa9_0/lib -o "C_Controller_v1.elf"  ./src/echo.o ./src/i2c_access.o ./src/iic_phyreset.o ./src/main.o ./src/platform.o ./src/platform_mb.o ./src/platform_ppc.o ./src/platform_zynq.o ./src/platform_zynqmp.o ./src/sfp.o ./src/si5324.o ./src/state_machine.o ./src/utils.o   -Wl,--start-group,-lxil,-lgcc,-lc,--end-group -Wl,--start-group,-lxil,-llwip4,-lgcc,-lc,--end-group
'Finished building target: C_Controller_v1.elf'
' '
'Invoking: ARM v7 Print Size'
arm-none-eabi-size C_Controller_v1.elf  |tee "C_Controller_v1.elf.size"
   text	   data	    bss	    dec	    hex	filename
 170420	   3592	424712480	424886492	195340dc	C_Controller_v1.elf
'Finished building: C_Controller_v1.elf.size'
' '

10:00:06 Build Finished (took 4s.220ms)

