11:44:36 **** Build of project C_Controller_v1_bsp ****
make -k all 
"Running Make include in ps7_cortexa9_0/libsrc/axidma_v9_8/src"
make -C ps7_cortexa9_0/libsrc/axidma_v9_8/src -s include  "SHELL=CMD" "COMPILER=arm-none-eabi-gcc" "ARCHIVER=arm-none-eabi-ar" "COMPILER_FLAGS=  -O2 -c" "EXTRA_COMPILER_FLAGS=-mcpu=cortex-a9 -mfpu=vfpv3 -mfloat-abi=hard -nostartfiles -g -Wall -Wextra"
"Running Make include in ps7_cortexa9_0/libsrc/coresightps_dcc_v1_4/src"
make -C ps7_cortexa9_0/libsrc/coresightps_dcc_v1_4/src -s include  "SHELL=CMD" "COMPILER=arm-none-eabi-gcc" "ARCHIVER=arm-none-eabi-ar" "COMPILER_FLAGS=  -O2 -c" "EXTRA_COMPILER_FLAGS=-mcpu=cortex-a9 -mfpu=vfpv3 -mfloat-abi=hard -nostartfiles -g -Wall -Wextra"
"Running Make include in ps7_cortexa9_0/libsrc/cpu_cortexa9_v2_7/src"
make -C ps7_cortexa9_0/libsrc/cpu_cortexa9_v2_7/src -s include  "SHELL=CMD" "COMPILER=arm-none-eabi-gcc" "ARCHIVER=arm-none-eabi-ar" "COMPILER_FLAGS=  -O2 -c" "EXTRA_COMPILER_FLAGS=-mcpu=cortex-a9 -mfpu=vfpv3 -mfloat-abi=hard -nostartfiles -g -Wall -Wextra"
"Running Make include in ps7_cortexa9_0/libsrc/ddrps_v1_0/src"
make -C ps7_cortexa9_0/libsrc/ddrps_v1_0/src -s include  "SHELL=CMD" "COMPILER=arm-none-eabi-gcc" "ARCHIVER=arm-none-eabi-ar" "COMPILER_FLAGS=  -O2 -c" "EXTRA_COMPILER_FLAGS=-mcpu=cortex-a9 -mfpu=vfpv3 -mfloat-abi=hard -nostartfiles -g -Wall -Wextra"
"Running Make include in ps7_cortexa9_0/libsrc/devcfg_v3_5/src"
make -C ps7_cortexa9_0/libsrc/devcfg_v3_5/src -s include  "SHELL=CMD" "COMPILER=arm-none-eabi-gcc" "ARCHIVER=arm-none-eabi-ar" "COMPILER_FLAGS=  -O2 -c" "EXTRA_COMPILER_FLAGS=-mcpu=cortex-a9 -mfpu=vfpv3 -mfloat-abi=hard -nostartfiles -g -Wall -Wextra"
"Running Make include in ps7_cortexa9_0/libsrc/dmaps_v2_4/src"
make -C ps7_cortexa9_0/libsrc/dmaps_v2_4/src -s include  "SHELL=CMD" "COMPILER=arm-none-eabi-gcc" "ARCHIVER=arm-none-eabi-ar" "COMPILER_FLAGS=  -O2 -c" "EXTRA_COMPILER_FLAGS=-mcpu=cortex-a9 -mfpu=vfpv3 -mfloat-abi=hard -nostartfiles -g -Wall -Wextra"
"Running Make include in ps7_cortexa9_0/libsrc/emacps_v3_8/src"
make -C ps7_cortexa9_0/libsrc/emacps_v3_8/src -s include  "SHELL=CMD" "COMPILER=arm-none-eabi-gcc" "ARCHIVER=arm-none-eabi-ar" "COMPILER_FLAGS=  -O2 -c" "EXTRA_COMPILER_FLAGS=-mcpu=cortex-a9 -mfpu=vfpv3 -mfloat-abi=hard -nostartfiles -g -Wall -Wextra"
"Running Make include in ps7_cortexa9_0/libsrc/gpiops_v3_4/src"
make -C ps7_cortexa9_0/libsrc/gpiops_v3_4/src -s include  "SHELL=CMD" "COMPILER=arm-none-eabi-gcc" "ARCHIVER=arm-none-eabi-ar" "COMPILER_FLAGS=  -O2 -c" "EXTRA_COMPILER_FLAGS=-mcpu=cortex-a9 -mfpu=vfpv3 -mfloat-abi=hard -nostartfiles -g -Wall -Wextra"
"Running Make include in ps7_cortexa9_0/libsrc/gpio_v4_3/src"
make -C ps7_cortexa9_0/libsrc/gpio_v4_3/src -s include  "SHELL=CMD" "COMPILER=arm-none-eabi-gcc" "ARCHIVER=arm-none-eabi-ar" "COMPILER_FLAGS=  -O2 -c" "EXTRA_COMPILER_FLAGS=-mcpu=cortex-a9 -mfpu=vfpv3 -mfloat-abi=hard -nostartfiles -g -Wall -Wextra"
"Running Make include in ps7_cortexa9_0/libsrc/lwip202_v1_2/src"
make -C ps7_cortexa9_0/libsrc/lwip202_v1_2/src -s include  "SHELL=CMD" "COMPILER=arm-none-eabi-gcc" "ARCHIVER=arm-none-eabi-ar" "COMPILER_FLAGS=  -O2 -c" "EXTRA_COMPILER_FLAGS=-mcpu=cortex-a9 -mfpu=vfpv3 -mfloat-abi=hard -nostartfiles -g -Wall -Wextra"
"Running Make include in ps7_cortexa9_0/libsrc/qspips_v3_5/src"
make -C ps7_cortexa9_0/libsrc/qspips_v3_5/src -s include  "SHELL=CMD" "COMPILER=arm-none-eabi-gcc" "ARCHIVER=arm-none-eabi-ar" "COMPILER_FLAGS=  -O2 -c" "EXTRA_COMPILER_FLAGS=-mcpu=cortex-a9 -mfpu=vfpv3 -mfloat-abi=hard -nostartfiles -g -Wall -Wextra"
"Running Make include in ps7_cortexa9_0/libsrc/scugic_v3_10/src"
make -C ps7_cortexa9_0/libsrc/scugic_v3_10/src -s include  "SHELL=CMD" "COMPILER=arm-none-eabi-gcc" "ARCHIVER=arm-none-eabi-ar" "COMPILER_FLAGS=  -O2 -c" "EXTRA_COMPILER_FLAGS=-mcpu=cortex-a9 -mfpu=vfpv3 -mfloat-abi=hard -nostartfiles -g -Wall -Wextra"
"Running Make include in ps7_cortexa9_0/libsrc/scutimer_v2_1/src"
make -C ps7_cortexa9_0/libsrc/scutimer_v2_1/src -s include  "SHELL=CMD" "COMPILER=arm-none-eabi-gcc" "ARCHIVER=arm-none-eabi-ar" "COMPILER_FLAGS=  -O2 -c" "EXTRA_COMPILER_FLAGS=-mcpu=cortex-a9 -mfpu=vfpv3 -mfloat-abi=hard -nostartfiles -g -Wall -Wextra"
"Running Make include in ps7_cortexa9_0/libsrc/scuwdt_v2_1/src"
make -C ps7_cortexa9_0/libsrc/scuwdt_v2_1/src -s include  "SHELL=CMD" "COMPILER=arm-none-eabi-gcc" "ARCHIVER=arm-none-eabi-ar" "COMPILER_FLAGS=  -O2 -c" "EXTRA_COMPILER_FLAGS=-mcpu=cortex-a9 -mfpu=vfpv3 -mfloat-abi=hard -nostartfiles -g -Wall -Wextra"
"Running Make include in ps7_cortexa9_0/libsrc/sdps_v3_6/src"
make -C ps7_cortexa9_0/libsrc/sdps_v3_6/src -s include  "SHELL=CMD" "COMPILER=arm-none-eabi-gcc" "ARCHIVER=arm-none-eabi-ar" "COMPILER_FLAGS=  -O2 -c" "EXTRA_COMPILER_FLAGS=-mcpu=cortex-a9 -mfpu=vfpv3 -mfloat-abi=hard -nostartfiles -g -Wall -Wextra"
"Running Make include in ps7_cortexa9_0/libsrc/standalone_v6_8/src"
make -C ps7_cortexa9_0/libsrc/standalone_v6_8/src -s include  "SHELL=CMD" "COMPILER=arm-none-eabi-gcc" "ARCHIVER=arm-none-eabi-ar" "COMPILER_FLAGS=  -O2 -c" "EXTRA_COMPILER_FLAGS=-mcpu=cortex-a9 -mfpu=vfpv3 -mfloat-abi=hard -nostartfiles -g -Wall -Wextra"
"Running Make include in ps7_cortexa9_0/libsrc/ttcps_v3_7/src"
make -C ps7_cortexa9_0/libsrc/ttcps_v3_7/src -s include  "SHELL=CMD" "COMPILER=arm-none-eabi-gcc" "ARCHIVER=arm-none-eabi-ar" "COMPILER_FLAGS=  -O2 -c" "EXTRA_COMPILER_FLAGS=-mcpu=cortex-a9 -mfpu=vfpv3 -mfloat-abi=hard -nostartfiles -g -Wall -Wextra"
"Running Make include in ps7_cortexa9_0/libsrc/uartps_v3_7/src"
make -C ps7_cortexa9_0/libsrc/uartps_v3_7/src -s include  "SHELL=CMD" "COMPILER=arm-none-eabi-gcc" "ARCHIVER=arm-none-eabi-ar" "COMPILER_FLAGS=  -O2 -c" "EXTRA_COMPILER_FLAGS=-mcpu=cortex-a9 -mfpu=vfpv3 -mfloat-abi=hard -nostartfiles -g -Wall -Wextra"
"Running Make include in ps7_cortexa9_0/libsrc/usbps_v2_4/src"
make -C ps7_cortexa9_0/libsrc/usbps_v2_4/src -s include  "SHELL=CMD" "COMPILER=arm-none-eabi-gcc" "ARCHIVER=arm-none-eabi-ar" "COMPILER_FLAGS=  -O2 -c" "EXTRA_COMPILER_FLAGS=-mcpu=cortex-a9 -mfpu=vfpv3 -mfloat-abi=hard -nostartfiles -g -Wall -Wextra"
"Running Make include in ps7_cortexa9_0/libsrc/xadcps_v2_3/src"
make -C ps7_cortexa9_0/libsrc/xadcps_v2_3/src -s include  "SHELL=CMD" "COMPILER=arm-none-eabi-gcc" "ARCHIVER=arm-none-eabi-ar" "COMPILER_FLAGS=  -O2 -c" "EXTRA_COMPILER_FLAGS=-mcpu=cortex-a9 -mfpu=vfpv3 -mfloat-abi=hard -nostartfiles -g -Wall -Wextra"
"Running Make libs in ps7_cortexa9_0/libsrc/axidma_v9_8/src"
make -C ps7_cortexa9_0/libsrc/axidma_v9_8/src -s libs  "SHELL=CMD" "COMPILER=arm-none-eabi-gcc" "ARCHIVER=arm-none-eabi-ar" "COMPILER_FLAGS=  -O2 -c" "EXTRA_COMPILER_FLAGS=-mcpu=cortex-a9 -mfpu=vfpv3 -mfloat-abi=hard -nostartfiles -g -Wall -Wextra"
"Compiling axidma"
arm-none-eabi-ar: creating ../../../lib/libxil.a
"Running Make libs in ps7_cortexa9_0/libsrc/coresightps_dcc_v1_4/src"
make -C ps7_cortexa9_0/libsrc/coresightps_dcc_v1_4/src -s libs  "SHELL=CMD" "COMPILER=arm-none-eabi-gcc" "ARCHIVER=arm-none-eabi-ar" "COMPILER_FLAGS=  -O2 -c" "EXTRA_COMPILER_FLAGS=-mcpu=cortex-a9 -mfpu=vfpv3 -mfloat-abi=hard -nostartfiles -g -Wall -Wextra"
"Compiling coresightps_dcc"
"Running Make libs in ps7_cortexa9_0/libsrc/cpu_cortexa9_v2_7/src"
make -C ps7_cortexa9_0/libsrc/cpu_cortexa9_v2_7/src -s libs  "SHELL=CMD" "COMPILER=arm-none-eabi-gcc" "ARCHIVER=arm-none-eabi-ar" "COMPILER_FLAGS=  -O2 -c" "EXTRA_COMPILER_FLAGS=-mcpu=cortex-a9 -mfpu=vfpv3 -mfloat-abi=hard -nostartfiles -g -Wall -Wextra"
"Compiling cpu_cortexa9"
"Running Make libs in ps7_cortexa9_0/libsrc/ddrps_v1_0/src"
make -C ps7_cortexa9_0/libsrc/ddrps_v1_0/src -s libs  "SHELL=CMD" "COMPILER=arm-none-eabi-gcc" "ARCHIVER=arm-none-eabi-ar" "COMPILER_FLAGS=  -O2 -c" "EXTRA_COMPILER_FLAGS=-mcpu=cortex-a9 -mfpu=vfpv3 -mfloat-abi=hard -nostartfiles -g -Wall -Wextra"
"Compiling ddrps"
"Running Make libs in ps7_cortexa9_0/libsrc/devcfg_v3_5/src"
make -C ps7_cortexa9_0/libsrc/devcfg_v3_5/src -s libs  "SHELL=CMD" "COMPILER=arm-none-eabi-gcc" "ARCHIVER=arm-none-eabi-ar" "COMPILER_FLAGS=  -O2 -c" "EXTRA_COMPILER_FLAGS=-mcpu=cortex-a9 -mfpu=vfpv3 -mfloat-abi=hard -nostartfiles -g -Wall -Wextra"
"Compiling devcfg"
"Running Make libs in ps7_cortexa9_0/libsrc/dmaps_v2_4/src"
make -C ps7_cortexa9_0/libsrc/dmaps_v2_4/src -s libs  "SHELL=CMD" "COMPILER=arm-none-eabi-gcc" "ARCHIVER=arm-none-eabi-ar" "COMPILER_FLAGS=  -O2 -c" "EXTRA_COMPILER_FLAGS=-mcpu=cortex-a9 -mfpu=vfpv3 -mfloat-abi=hard -nostartfiles -g -Wall -Wextra"
"Compiling dmaps"
"Running Make libs in ps7_cortexa9_0/libsrc/emacps_v3_8/src"
make -C ps7_cortexa9_0/libsrc/emacps_v3_8/src -s libs  "SHELL=CMD" "COMPILER=arm-none-eabi-gcc" "ARCHIVER=arm-none-eabi-ar" "COMPILER_FLAGS=  -O2 -c" "EXTRA_COMPILER_FLAGS=-mcpu=cortex-a9 -mfpu=vfpv3 -mfloat-abi=hard -nostartfiles -g -Wall -Wextra"
"Compiling emacps"
"Running Make libs in ps7_cortexa9_0/libsrc/gpiops_v3_4/src"
make -C ps7_cortexa9_0/libsrc/gpiops_v3_4/src -s libs  "SHELL=CMD" "COMPILER=arm-none-eabi-gcc" "ARCHIVER=arm-none-eabi-ar" "COMPILER_FLAGS=  -O2 -c" "EXTRA_COMPILER_FLAGS=-mcpu=cortex-a9 -mfpu=vfpv3 -mfloat-abi=hard -nostartfiles -g -Wall -Wextra"
"Compiling gpiops"
"Running Make libs in ps7_cortexa9_0/libsrc/gpio_v4_3/src"
make -C ps7_cortexa9_0/libsrc/gpio_v4_3/src -s libs  "SHELL=CMD" "COMPILER=arm-none-eabi-gcc" "ARCHIVER=arm-none-eabi-ar" "COMPILER_FLAGS=  -O2 -c" "EXTRA_COMPILER_FLAGS=-mcpu=cortex-a9 -mfpu=vfpv3 -mfloat-abi=hard -nostartfiles -g -Wall -Wextra"
"Compiling gpio"
"Running Make libs in ps7_cortexa9_0/libsrc/lwip202_v1_2/src"
make -C ps7_cortexa9_0/libsrc/lwip202_v1_2/src -s libs  "SHELL=CMD" "COMPILER=arm-none-eabi-gcc" "ARCHIVER=arm-none-eabi-ar" "COMPILER_FLAGS=  -O2 -c" "EXTRA_COMPILER_FLAGS=-mcpu=cortex-a9 -mfpu=vfpv3 -mfloat-abi=hard -nostartfiles -g -Wall -Wextra"
"Compiling lwip src and adapter files"
contrib/ports/xilinx/netif/xemacpsif.c: In function 'xemacpsif_init':
contrib/ports/xilinx/netif/xemacpsif.c:708:16: warning: assignment from incompatible pointer type [-Wincompatible-pointer-types]
  netif->output = xemacpsif_output;
                ^
In file included from ../../../include/xemacps.h:348:0,
                 from ../../../include/netif/xemacpsif.h:57,
                 from contrib/ports/xilinx/netif/xemacpsif_dma.c:37:
contrib/ports/xilinx/netif/xemacpsif_dma.c: In function 'init_dma':
../../../include/xemacps_hw.h:600:23: warning: 'bdrxterminate' may be used uninitialized in this function [-Wmaybe-uninitialized]
 #define XEmacPs_Out32 Xil_Out32
                       ^~~~~~~~~
contrib/ports/xilinx/netif/xemacpsif_dma.c:556:14: note: 'bdrxterminate' was declared here
  XEmacPs_Bd *bdrxterminate;
              ^~~~~~~~~~~~~
In file included from ../../../include/xemacps.h:349:0,
                 from ../../../include/netif/xemacpsif.h:57,
                 from contrib/ports/xilinx/netif/xemacpsif_dma.c:37:
../../../include/xemacps_bd.h:142:12: warning: 'bdtxterminate' may be used uninitialized in this function [-Wmaybe-uninitialized]
  (*(u32 *)((UINTPTR)((void*)(BaseAddress)) + (u32)(Offset)))
            ^
contrib/ports/xilinx/netif/xemacpsif_dma.c:555:14: note: 'bdtxterminate' was declared here
  XEmacPs_Bd *bdtxterminate;
              ^~~~~~~~~~~~~
"Running Make libs in ps7_cortexa9_0/libsrc/qspips_v3_5/src"
make -C ps7_cortexa9_0/libsrc/qspips_v3_5/src -s libs  "SHELL=CMD" "COMPILER=arm-none-eabi-gcc" "ARCHIVER=arm-none-eabi-ar" "COMPILER_FLAGS=  -O2 -c" "EXTRA_COMPILER_FLAGS=-mcpu=cortex-a9 -mfpu=vfpv3 -mfloat-abi=hard -nostartfiles -g -Wall -Wextra"
"Compiling qspips"
"Running Make libs in ps7_cortexa9_0/libsrc/scugic_v3_10/src"
make -C ps7_cortexa9_0/libsrc/scugic_v3_10/src -s libs  "SHELL=CMD" "COMPILER=arm-none-eabi-gcc" "ARCHIVER=arm-none-eabi-ar" "COMPILER_FLAGS=  -O2 -c" "EXTRA_COMPILER_FLAGS=-mcpu=cortex-a9 -mfpu=vfpv3 -mfloat-abi=hard -nostartfiles -g -Wall -Wextra"
"Compiling scugic"
"Running Make libs in ps7_cortexa9_0/libsrc/scutimer_v2_1/src"
make -C ps7_cortexa9_0/libsrc/scutimer_v2_1/src -s libs  "SHELL=CMD" "COMPILER=arm-none-eabi-gcc" "ARCHIVER=arm-none-eabi-ar" "COMPILER_FLAGS=  -O2 -c" "EXTRA_COMPILER_FLAGS=-mcpu=cortex-a9 -mfpu=vfpv3 -mfloat-abi=hard -nostartfiles -g -Wall -Wextra"
"Compiling scutimer"
"Running Make libs in ps7_cortexa9_0/libsrc/scuwdt_v2_1/src"
make -C ps7_cortexa9_0/libsrc/scuwdt_v2_1/src -s libs  "SHELL=CMD" "COMPILER=arm-none-eabi-gcc" "ARCHIVER=arm-none-eabi-ar" "COMPILER_FLAGS=  -O2 -c" "EXTRA_COMPILER_FLAGS=-mcpu=cortex-a9 -mfpu=vfpv3 -mfloat-abi=hard -nostartfiles -g -Wall -Wextra"
"Compiling scuwdt"
"Running Make libs in ps7_cortexa9_0/libsrc/sdps_v3_6/src"
make -C ps7_cortexa9_0/libsrc/sdps_v3_6/src -s libs  "SHELL=CMD" "COMPILER=arm-none-eabi-gcc" "ARCHIVER=arm-none-eabi-ar" "COMPILER_FLAGS=  -O2 -c" "EXTRA_COMPILER_FLAGS=-mcpu=cortex-a9 -mfpu=vfpv3 -mfloat-abi=hard -nostartfiles -g -Wall -Wextra"
"Compiling sdps"
"Running Make libs in ps7_cortexa9_0/libsrc/standalone_v6_8/src"
make -C ps7_cortexa9_0/libsrc/standalone_v6_8/src -s libs  "SHELL=CMD" "COMPILER=arm-none-eabi-gcc" "ARCHIVER=arm-none-eabi-ar" "COMPILER_FLAGS=  -O2 -c" "EXTRA_COMPILER_FLAGS=-mcpu=cortex-a9 -mfpu=vfpv3 -mfloat-abi=hard -nostartfiles -g -Wall -Wextra"
"Compiling standalone"
In file included from usleep.c:56:0:
xtime_l.h:87:9: note: #pragma message: For the sleep routines, Global timer is being used
 #pragma message ("For the sleep routines, Global timer is being used")
         ^~~~~~~
In file included from xil_sleeptimer.c:51:0:
xtime_l.h:87:9: note: #pragma message: For the sleep routines, Global timer is being used
 #pragma message ("For the sleep routines, Global timer is being used")
         ^~~~~~~
In file included from xtime_l.c:49:0:
xtime_l.h:87:9: note: #pragma message: For the sleep routines, Global timer is being used
 #pragma message ("For the sleep routines, Global timer is being used")
         ^~~~~~~
In file included from sleep.c:53:0:
xtime_l.h:87:9: note: #pragma message: For the sleep routines, Global timer is being used
 #pragma message ("For the sleep routines, Global timer is being used")
         ^~~~~~~
"Running Make libs in ps7_cortexa9_0/libsrc/ttcps_v3_7/src"
make -C ps7_cortexa9_0/libsrc/ttcps_v3_7/src -s libs  "SHELL=CMD" "COMPILER=arm-none-eabi-gcc" "ARCHIVER=arm-none-eabi-ar" "COMPILER_FLAGS=  -O2 -c" "EXTRA_COMPILER_FLAGS=-mcpu=cortex-a9 -mfpu=vfpv3 -mfloat-abi=hard -nostartfiles -g -Wall -Wextra"
"Compiling ttcps"
"Running Make libs in ps7_cortexa9_0/libsrc/uartps_v3_7/src"
make -C ps7_cortexa9_0/libsrc/uartps_v3_7/src -s libs  "SHELL=CMD" "COMPILER=arm-none-eabi-gcc" "ARCHIVER=arm-none-eabi-ar" "COMPILER_FLAGS=  -O2 -c" "EXTRA_COMPILER_FLAGS=-mcpu=cortex-a9 -mfpu=vfpv3 -mfloat-abi=hard -nostartfiles -g -Wall -Wextra"
"Compiling uartps"
"Running Make libs in ps7_cortexa9_0/libsrc/usbps_v2_4/src"
make -C ps7_cortexa9_0/libsrc/usbps_v2_4/src -s libs  "SHELL=CMD" "COMPILER=arm-none-eabi-gcc" "ARCHIVER=arm-none-eabi-ar" "COMPILER_FLAGS=  -O2 -c" "EXTRA_COMPILER_FLAGS=-mcpu=cortex-a9 -mfpu=vfpv3 -mfloat-abi=hard -nostartfiles -g -Wall -Wextra"
"Compiling usbps"
"Running Make libs in ps7_cortexa9_0/libsrc/xadcps_v2_3/src"
make -C ps7_cortexa9_0/libsrc/xadcps_v2_3/src -s libs  "SHELL=CMD" "COMPILER=arm-none-eabi-gcc" "ARCHIVER=arm-none-eabi-ar" "COMPILER_FLAGS=  -O2 -c" "EXTRA_COMPILER_FLAGS=-mcpu=cortex-a9 -mfpu=vfpv3 -mfloat-abi=hard -nostartfiles -g -Wall -Wextra"
"Compiling xadcps"
'Finished building libraries'
11:45:24 **** Build of configuration Debug for project C_Controller_v1 ****
make pre-build main-build 
a9-linaro-pre-build-step
' '
'Building file: ../src/echo.c'
'Invoking: ARM v7 gcc compiler'
arm-none-eabi-gcc -Wall -O0 -g3 -c -fmessage-length=0 -MT"src/echo.o" -mcpu=cortex-a9 -mfpu=vfpv3 -mfloat-abi=hard -I../../C_Controller_v1_bsp/ps7_cortexa9_0/include -MMD -MP -MF"src/echo.d" -MT"src/echo.o" -o "src/echo.o" "../src/echo.c"
'Finished building: ../src/echo.c'
' '
'Building file: ../src/i2c_access.c'
'Invoking: ARM v7 gcc compiler'
arm-none-eabi-gcc -Wall -O0 -g3 -c -fmessage-length=0 -MT"src/i2c_access.o" -mcpu=cortex-a9 -mfpu=vfpv3 -mfloat-abi=hard -I../../C_Controller_v1_bsp/ps7_cortexa9_0/include -MMD -MP -MF"src/i2c_access.d" -MT"src/i2c_access.o" -o "src/i2c_access.o" "../src/i2c_access.c"
'Finished building: ../src/i2c_access.c'
' '
'Building file: ../src/iic_phyreset.c'
'Invoking: ARM v7 gcc compiler'
arm-none-eabi-gcc -Wall -O0 -g3 -c -fmessage-length=0 -MT"src/iic_phyreset.o" -mcpu=cortex-a9 -mfpu=vfpv3 -mfloat-abi=hard -I../../C_Controller_v1_bsp/ps7_cortexa9_0/include -MMD -MP -MF"src/iic_phyreset.d" -MT"src/iic_phyreset.o" -o "src/iic_phyreset.o" "../src/iic_phyreset.c"
'Finished building: ../src/iic_phyreset.c'
' '
'Building file: ../src/main.c'
'Invoking: ARM v7 gcc compiler'
arm-none-eabi-gcc -Wall -O0 -g3 -c -fmessage-length=0 -MT"src/main.o" -mcpu=cortex-a9 -mfpu=vfpv3 -mfloat-abi=hard -I../../C_Controller_v1_bsp/ps7_cortexa9_0/include -MMD -MP -MF"src/main.d" -MT"src/main.o" -o "src/main.o" "../src/main.c"
'Finished building: ../src/main.c'
' '
'Building file: ../src/platform.c'
'Invoking: ARM v7 gcc compiler'
arm-none-eabi-gcc -Wall -O0 -g3 -c -fmessage-length=0 -MT"src/platform.o" -mcpu=cortex-a9 -mfpu=vfpv3 -mfloat-abi=hard -I../../C_Controller_v1_bsp/ps7_cortexa9_0/include -MMD -MP -MF"src/platform.d" -MT"src/platform.o" -o "src/platform.o" "../src/platform.c"
'Finished building: ../src/platform.c'
' '
'Building file: ../src/platform_mb.c'
'Invoking: ARM v7 gcc compiler'
arm-none-eabi-gcc -Wall -O0 -g3 -c -fmessage-length=0 -MT"src/platform_mb.o" -mcpu=cortex-a9 -mfpu=vfpv3 -mfloat-abi=hard -I../../C_Controller_v1_bsp/ps7_cortexa9_0/include -MMD -MP -MF"src/platform_mb.d" -MT"src/platform_mb.o" -o "src/platform_mb.o" "../src/platform_mb.c"
'Finished building: ../src/platform_mb.c'
' '
'Building file: ../src/platform_ppc.c'
'Invoking: ARM v7 gcc compiler'
arm-none-eabi-gcc -Wall -O0 -g3 -c -fmessage-length=0 -MT"src/platform_ppc.o" -mcpu=cortex-a9 -mfpu=vfpv3 -mfloat-abi=hard -I../../C_Controller_v1_bsp/ps7_cortexa9_0/include -MMD -MP -MF"src/platform_ppc.d" -MT"src/platform_ppc.o" -o "src/platform_ppc.o" "../src/platform_ppc.c"
'Finished building: ../src/platform_ppc.c'
' '
'Building file: ../src/platform_zynq.c'
'Invoking: ARM v7 gcc compiler'
arm-none-eabi-gcc -Wall -O0 -g3 -c -fmessage-length=0 -MT"src/platform_zynq.o" -mcpu=cortex-a9 -mfpu=vfpv3 -mfloat-abi=hard -I../../C_Controller_v1_bsp/ps7_cortexa9_0/include -MMD -MP -MF"src/platform_zynq.d" -MT"src/platform_zynq.o" -o "src/platform_zynq.o" "../src/platform_zynq.c"
'Finished building: ../src/platform_zynq.c'
' '
'Building file: ../src/platform_zynqmp.c'
'Invoking: ARM v7 gcc compiler'
arm-none-eabi-gcc -Wall -O0 -g3 -c -fmessage-length=0 -MT"src/platform_zynqmp.o" -mcpu=cortex-a9 -mfpu=vfpv3 -mfloat-abi=hard -I../../C_Controller_v1_bsp/ps7_cortexa9_0/include -MMD -MP -MF"src/platform_zynqmp.d" -MT"src/platform_zynqmp.o" -o "src/platform_zynqmp.o" "../src/platform_zynqmp.c"
'Finished building: ../src/platform_zynqmp.c'
' '
'Building file: ../src/sfp.c'
'Invoking: ARM v7 gcc compiler'
arm-none-eabi-gcc -Wall -O0 -g3 -c -fmessage-length=0 -MT"src/sfp.o" -mcpu=cortex-a9 -mfpu=vfpv3 -mfloat-abi=hard -I../../C_Controller_v1_bsp/ps7_cortexa9_0/include -MMD -MP -MF"src/sfp.d" -MT"src/sfp.o" -o "src/sfp.o" "../src/sfp.c"
'Finished building: ../src/sfp.c'
' '
'Building file: ../src/si5324.c'
'Invoking: ARM v7 gcc compiler'
arm-none-eabi-gcc -Wall -O0 -g3 -c -fmessage-length=0 -MT"src/si5324.o" -mcpu=cortex-a9 -mfpu=vfpv3 -mfloat-abi=hard -I../../C_Controller_v1_bsp/ps7_cortexa9_0/include -MMD -MP -MF"src/si5324.d" -MT"src/si5324.o" -o "src/si5324.o" "../src/si5324.c"
'Finished building: ../src/si5324.c'
' '
'Building target: C_Controller_v1.elf'
'Invoking: ARM v7 gcc linker'
arm-none-eabi-gcc -mcpu=cortex-a9 -mfpu=vfpv3 -mfloat-abi=hard -Wl,-build-id=none -specs=Xilinx.spec -Wl,-T -Wl,../src/lscript.ld -L../../C_Controller_v1_bsp/ps7_cortexa9_0/lib -o "C_Controller_v1.elf"  ./src/echo.o ./src/i2c_access.o ./src/iic_phyreset.o ./src/main.o ./src/platform.o ./src/platform_mb.o ./src/platform_ppc.o ./src/platform_zynq.o ./src/platform_zynqmp.o ./src/sfp.o ./src/si5324.o   -Wl,--start-group,-lxil,-lgcc,-lc,--end-group -Wl,--start-group,-lxil,-llwip4,-lgcc,-lc,--end-group
'Finished building target: C_Controller_v1.elf'
' '
'Invoking: ARM v7 Print Size'
arm-none-eabi-size C_Controller_v1.elf  |tee "C_Controller_v1.elf.size"
   text	   data	    bss	    dec	    hex	filename
 110856	   3040	5364000	5477896	 539608	C_Controller_v1.elf
'Finished building: C_Controller_v1.elf.size'
' '
11:45:29 **** Auto Build of configuration Debug for project C_Controller_v1 ****
make pre-build main-build 
a9-linaro-pre-build-step
' '
make: Nothing to be done for 'main-build'.
11:52:08 **** Auto Build of configuration Debug for project C_Controller_v1 ****
make pre-build main-build 
a9-linaro-pre-build-step
' '
'Building file: ../src/echo.c'
'Invoking: ARM v7 gcc compiler'
arm-none-eabi-gcc -Wall -O0 -g3 -c -fmessage-length=0 -MT"src/echo.o" -mcpu=cortex-a9 -mfpu=vfpv3 -mfloat-abi=hard -I../../C_Controller_v1_bsp/ps7_cortexa9_0/include -MMD -MP -MF"src/echo.d" -MT"src/echo.o" -o "src/echo.o" "../src/echo.c"
'Finished building: ../src/echo.c'
' '
'Building target: C_Controller_v1.elf'
'Invoking: ARM v7 gcc linker'
arm-none-eabi-gcc -mcpu=cortex-a9 -mfpu=vfpv3 -mfloat-abi=hard -Wl,-build-id=none -specs=Xilinx.spec -Wl,-T -Wl,../src/lscript.ld -L../../C_Controller_v1_bsp/ps7_cortexa9_0/lib -o "C_Controller_v1.elf"  ./src/echo.o ./src/i2c_access.o ./src/iic_phyreset.o ./src/main.o ./src/platform.o ./src/platform_mb.o ./src/platform_ppc.o ./src/platform_zynq.o ./src/platform_zynqmp.o ./src/sfp.o ./src/si5324.o   -Wl,--start-group,-lxil,-lgcc,-lc,--end-group -Wl,--start-group,-lxil,-llwip4,-lgcc,-lc,--end-group
'Finished building target: C_Controller_v1.elf'
' '
'Invoking: ARM v7 Print Size'
arm-none-eabi-size C_Controller_v1.elf  |tee "C_Controller_v1.elf.size"
   text	   data	    bss	    dec	    hex	filename
 110856	   3040	5364000	5477896	 539608	C_Controller_v1.elf
'Finished building: C_Controller_v1.elf.size'
' '
11:52:13 **** Auto Build of configuration Debug for project C_Controller_v1 ****
make pre-build main-build 
a9-linaro-pre-build-step
' '
'Building file: ../src/echo.c'
'Invoking: ARM v7 gcc compiler'
arm-none-eabi-gcc -Wall -O0 -g3 -c -fmessage-length=0 -MT"src/echo.o" -mcpu=cortex-a9 -mfpu=vfpv3 -mfloat-abi=hard -I../../C_Controller_v1_bsp/ps7_cortexa9_0/include -MMD -MP -MF"src/echo.d" -MT"src/echo.o" -o "src/echo.o" "../src/echo.c"
'Finished building: ../src/echo.c'
' '
'Building target: C_Controller_v1.elf'
'Invoking: ARM v7 gcc linker'
arm-none-eabi-gcc -mcpu=cortex-a9 -mfpu=vfpv3 -mfloat-abi=hard -Wl,-build-id=none -specs=Xilinx.spec -Wl,-T -Wl,../src/lscript.ld -L../../C_Controller_v1_bsp/ps7_cortexa9_0/lib -o "C_Controller_v1.elf"  ./src/echo.o ./src/i2c_access.o ./src/iic_phyreset.o ./src/main.o ./src/platform.o ./src/platform_mb.o ./src/platform_ppc.o ./src/platform_zynq.o ./src/platform_zynqmp.o ./src/sfp.o ./src/si5324.o   -Wl,--start-group,-lxil,-lgcc,-lc,--end-group -Wl,--start-group,-lxil,-llwip4,-lgcc,-lc,--end-group
'Finished building target: C_Controller_v1.elf'
' '
'Invoking: ARM v7 Print Size'
arm-none-eabi-size C_Controller_v1.elf  |tee "C_Controller_v1.elf.size"
   text	   data	    bss	    dec	    hex	filename
 110856	   3040	5364000	5477896	 539608	C_Controller_v1.elf
'Finished building: C_Controller_v1.elf.size'
' '
14:01:48 **** Auto Build of configuration Debug for project C_Controller_v1 ****
make pre-build main-build 
a9-linaro-pre-build-step
' '
'Building file: ../src/echo.c'
'Invoking: ARM v7 gcc compiler'
arm-none-eabi-gcc -Wall -O0 -g3 -c -fmessage-length=0 -MT"src/echo.o" -mcpu=cortex-a9 -mfpu=vfpv3 -mfloat-abi=hard -I../../C_Controller_v1_bsp/ps7_cortexa9_0/include -MMD -MP -MF"src/echo.d" -MT"src/echo.o" -o "src/echo.o" "../src/echo.c"
../src/echo.c:37:10: fatal error: utils_func.h: No such file or directory
 #include "utils_func.h"
          ^~~~~~~~~~~~~~
compilation terminated.
make: *** [src/subdir.mk:53: src/echo.o] Error 1
14:02:03 **** Auto Build of configuration Debug for project C_Controller_v1 ****
make pre-build main-build 
a9-linaro-pre-build-step
' '
'Building file: ../src/echo.c'
'Invoking: ARM v7 gcc compiler'
arm-none-eabi-gcc -Wall -O0 -g3 -c -fmessage-length=0 -MT"src/echo.o" -mcpu=cortex-a9 -mfpu=vfpv3 -mfloat-abi=hard -I../../C_Controller_v1_bsp/ps7_cortexa9_0/include -MMD -MP -MF"src/echo.d" -MT"src/echo.o" -o "src/echo.o" "../src/echo.c"
../src/echo.c:37:10: fatal error: utils_func.h: No such file or directory
 #include "utils_func.h"
          ^~~~~~~~~~~~~~
compilation terminated.
make: *** [src/subdir.mk:53: src/echo.o] Error 1
14:02:08 **** Auto Build of configuration Debug for project C_Controller_v1 ****
make pre-build main-build 
a9-linaro-pre-build-step
' '
'Building file: ../src/echo.c'
'Invoking: ARM v7 gcc compiler'
arm-none-eabi-gcc -Wall -O0 -g3 -c -fmessage-length=0 -MT"src/echo.o" -mcpu=cortex-a9 -mfpu=vfpv3 -mfloat-abi=hard -I../../C_Controller_v1_bsp/ps7_cortexa9_0/include -MMD -MP -MF"src/echo.d" -MT"src/echo.o" -o "src/echo.o" "../src/echo.c"
../src/echo.c:37:10: fatal error: utils_func.h: No such file or directory
 #include "utils_func.h"
          ^~~~~~~~~~~~~~
compilation terminated.
make: *** [src/subdir.mk:53: src/echo.o] Error 1
14:03:16 **** Auto Build of configuration Debug for project C_Controller_v1 ****
make pre-build main-build 
a9-linaro-pre-build-step
' '
'Building file: ../src/echo.c'
'Invoking: ARM v7 gcc compiler'
arm-none-eabi-gcc -Wall -O0 -g3 -c -fmessage-length=0 -MT"src/echo.o" -mcpu=cortex-a9 -mfpu=vfpv3 -mfloat-abi=hard -I../../C_Controller_v1_bsp/ps7_cortexa9_0/include -MMD -MP -MF"src/echo.d" -MT"src/echo.o" -o "src/echo.o" "../src/echo.c"
../src/echo.c:37:10: fatal error: utils.h: No such file or directory
 #include "utils.h"
          ^~~~~~~~~
compilation terminated.
make: *** [src/subdir.mk:53: src/echo.o] Error 1
14:03:43 **** Auto Build of configuration Debug for project C_Controller_v1 ****
make pre-build main-build 
a9-linaro-pre-build-step
' '
'Building file: ../src/echo.c'
'Invoking: ARM v7 gcc compiler'
arm-none-eabi-gcc -Wall -O0 -g3 -c -fmessage-length=0 -MT"src/echo.o" -mcpu=cortex-a9 -mfpu=vfpv3 -mfloat-abi=hard -I../../C_Controller_v1_bsp/ps7_cortexa9_0/include -MMD -MP -MF"src/echo.d" -MT"src/echo.o" -o "src/echo.o" "../src/echo.c"
../src/echo.c: In function 'print_app_header':
../src/echo.c:47:2: warning: implicit declaration of function 'DEBUG_PRINT' [-Wimplicit-function-declaration]
  DEBUG_PRINT("\n\r\n\r-----lwIP TCP echo server ------\n\r");
  ^~~~~~~~~~~
../src/echo.c: In function 'push_data':
../src/echo.c:91:2: error: 'GLOBAL_WRITE_TCP_DATA' undeclared (first use in this function)
  GLOBAL_WRITE_TCP_DATA.Send_Data_Flag = 1;
  ^~~~~~~~~~~~~~~~~~~~~
../src/echo.c:91:2: note: each undeclared identifier is reported only once for each function it appears in
../src/echo.c:102:47: error: 'MAX_SEND_BUFF' undeclared (first use in this function); did you mean 'TCP_SND_BUF'?
  if(GLOBAL_WRITE_TCP_DATA.Data_Size_To_Send > MAX_SEND_BUFF){
                                               ^~~~~~~~~~~~~
                                               TCP_SND_BUF
../src/echo.c: In function 'recv_callback':
../src/echo.c:142:6: warning: implicit declaration of function 'Xil_DCacheInvalidateRange' [-Wimplicit-function-declaration]
      Xil_DCacheInvalidateRange((UINTPTR)q->payload, q->len);
      ^~~~~~~~~~~~~~~~~~~~~~~~~
../src/echo.c:146:5: error: 'GLOBAL_FN_TCP_DATA' undeclared (first use in this function)
  if(GLOBAL_FN_TCP_DATA.fn_data_mode == 0){
     ^~~~~~~~~~~~~~~~~~
../src/echo.c:148:12: warning: implicit declaration of function 'process_fn_data' [-Wimplicit-function-declaration]
   u8 err = process_fn_data(p->payload);
            ^~~~~~~~~~~~~~~
../src/echo.c:170:15: error: 'SUCCESS_REPLY' undeclared (first use in this function)
    u8 reply = SUCCESS_REPLY;
               ^~~~~~~~~~~~~
../src/echo.c:171:4: warning: implicit declaration of function 'transfer_data' [-Wimplicit-function-declaration]
    transfer_data(&reply, 1);
    ^~~~~~~~~~~~~
../src/echo.c: In function 'accept_callback':
../src/echo.c:214:2: error: 'GLOBAL_WRITE_TCP_DATA' undeclared (first use in this function)
  GLOBAL_WRITE_TCP_DATA.pcb = newpcb;
  ^~~~~~~~~~~~~~~~~~~~~
make: *** [src/subdir.mk:53: src/echo.o] Error 1
14:10:38 **** Auto Build of configuration Debug for project C_Controller_v1 ****
make pre-build main-build 
a9-linaro-pre-build-step
' '
'Building file: ../src/echo.c'
'Invoking: ARM v7 gcc compiler'
arm-none-eabi-gcc -Wall -O0 -g3 -c -fmessage-length=0 -MT"src/echo.o" -mcpu=cortex-a9 -mfpu=vfpv3 -mfloat-abi=hard -I../../C_Controller_v1_bsp/ps7_cortexa9_0/include -MMD -MP -MF"src/echo.d" -MT"src/echo.o" -o "src/echo.o" "../src/echo.c"
../src/echo.c: In function 'recv_callback':
../src/echo.c:142:6: warning: implicit declaration of function 'Xil_DCacheInvalidateRange' [-Wimplicit-function-declaration]
      Xil_DCacheInvalidateRange((UINTPTR)q->payload, q->len);
      ^~~~~~~~~~~~~~~~~~~~~~~~~
'Finished building: ../src/echo.c'
' '
'Building target: C_Controller_v1.elf'
'Invoking: ARM v7 gcc linker'
arm-none-eabi-gcc -mcpu=cortex-a9 -mfpu=vfpv3 -mfloat-abi=hard -Wl,-build-id=none -specs=Xilinx.spec -Wl,-T -Wl,../src/lscript.ld -L../../C_Controller_v1_bsp/ps7_cortexa9_0/lib -o "C_Controller_v1.elf"  ./src/echo.o ./src/i2c_access.o ./src/iic_phyreset.o ./src/main.o ./src/platform.o ./src/platform_mb.o ./src/platform_ppc.o ./src/platform_zynq.o ./src/platform_zynqmp.o ./src/sfp.o ./src/si5324.o   -Wl,--start-group,-lxil,-lgcc,-lc,--end-group -Wl,--start-group,-lxil,-llwip4,-lgcc,-lc,--end-group
./src/main.o: In function `print_ip':
C:\Chip2026_Testing\CHIP2026_TestingSetup\CHIP2026_TestingSetup.sdk\C_Controller_v1\Debug/../src/main.c:92: multiple definition of `print_ip'
./src/echo.o:C:\Chip2026_Testing\CHIP2026_TestingSetup\CHIP2026_TestingSetup.sdk\C_Controller_v1\Debug/../src/echo.c:71: first defined here
./src/main.o: In function `print_ip_settings':
C:\Chip2026_Testing\CHIP2026_TestingSetup\CHIP2026_TestingSetup.sdk\C_Controller_v1\Debug/../src/main.c:100: multiple definition of `print_ip_settings'
./src/echo.o:C:\Chip2026_Testing\CHIP2026_TestingSetup\CHIP2026_TestingSetup.sdk\C_Controller_v1\Debug/../src/echo.c:78: first defined here
./src/echo.o: In function `push_data':
C:\Chip2026_Testing\CHIP2026_TestingSetup\CHIP2026_TestingSetup.sdk\C_Controller_v1\Debug/../src/echo.c:91: undefined reference to `GLOBAL_WRITE_TCP_DATA'
C:\Chip2026_Testing\CHIP2026_TestingSetup\CHIP2026_TestingSetup.sdk\C_Controller_v1\Debug/../src/echo.c:91: undefined reference to `GLOBAL_WRITE_TCP_DATA'
C:\Chip2026_Testing\CHIP2026_TestingSetup\CHIP2026_TestingSetup.sdk\C_Controller_v1\Debug/../src/echo.c:95: undefined reference to `GLOBAL_WRITE_TCP_DATA'
C:\Chip2026_Testing\CHIP2026_TestingSetup\CHIP2026_TestingSetup.sdk\C_Controller_v1\Debug/../src/echo.c:95: undefined reference to `GLOBAL_WRITE_TCP_DATA'
C:\Chip2026_Testing\CHIP2026_TestingSetup\CHIP2026_TestingSetup.sdk\C_Controller_v1\Debug/../src/echo.c:97: undefined reference to `GLOBAL_WRITE_TCP_DATA'
./src/echo.o:C:\Chip2026_Testing\CHIP2026_TestingSetup\CHIP2026_TestingSetup.sdk\C_Controller_v1\Debug/../src/echo.c:97: more undefined references to `GLOBAL_WRITE_TCP_DATA' follow
./src/echo.o: In function `recv_callback':
C:\Chip2026_Testing\CHIP2026_TestingSetup\CHIP2026_TestingSetup.sdk\C_Controller_v1\Debug/../src/echo.c:146: undefined reference to `GLOBAL_FN_TCP_DATA'
C:\Chip2026_Testing\CHIP2026_TestingSetup\CHIP2026_TestingSetup.sdk\C_Controller_v1\Debug/../src/echo.c:146: undefined reference to `GLOBAL_FN_TCP_DATA'
C:\Chip2026_Testing\CHIP2026_TestingSetup\CHIP2026_TestingSetup.sdk\C_Controller_v1\Debug/../src/echo.c:148: undefined reference to `process_fn_data'
C:\Chip2026_Testing\CHIP2026_TestingSetup\CHIP2026_TestingSetup.sdk\C_Controller_v1\Debug/../src/echo.c:153: undefined reference to `GLOBAL_FN_TCP_DATA'
C:\Chip2026_Testing\CHIP2026_TestingSetup\CHIP2026_TestingSetup.sdk\C_Controller_v1\Debug/../src/echo.c:153: undefined reference to `GLOBAL_FN_TCP_DATA'
C:\Chip2026_Testing\CHIP2026_TestingSetup\CHIP2026_TestingSetup.sdk\C_Controller_v1\Debug/../src/echo.c:161: undefined reference to `GLOBAL_FN_TCP_DATA'
C:\Chip2026_Testing\CHIP2026_TestingSetup\CHIP2026_TestingSetup.sdk\C_Controller_v1\Debug/../src/echo.c:161: undefined reference to `GLOBAL_FN_TCP_DATA'
C:\Chip2026_Testing\CHIP2026_TestingSetup\CHIP2026_TestingSetup.sdk\C_Controller_v1\Debug/../src/echo.c:161: undefined reference to `GLOBAL_FN_TCP_DATA'
./src/echo.o:C:\Chip2026_Testing\CHIP2026_TestingSetup\CHIP2026_TestingSetup.sdk\C_Controller_v1\Debug/../src/echo.c:161: more undefined references to `GLOBAL_FN_TCP_DATA' follow
./src/echo.o: In function `recv_callback':
C:\Chip2026_Testing\CHIP2026_TestingSetup\CHIP2026_TestingSetup.sdk\C_Controller_v1\Debug/../src/echo.c:171: undefined reference to `transfer_data'
C:\Chip2026_Testing\CHIP2026_TestingSetup\CHIP2026_TestingSetup.sdk\C_Controller_v1\Debug/../src/echo.c:172: undefined reference to `GLOBAL_FN_TCP_DATA'
C:\Chip2026_Testing\CHIP2026_TestingSetup\CHIP2026_TestingSetup.sdk\C_Controller_v1\Debug/../src/echo.c:172: undefined reference to `GLOBAL_FN_TCP_DATA'
C:\Chip2026_Testing\CHIP2026_TestingSetup\CHIP2026_TestingSetup.sdk\C_Controller_v1\Debug/../src/echo.c:173: undefined reference to `GLOBAL_FN_TCP_DATA'
C:\Chip2026_Testing\CHIP2026_TestingSetup\CHIP2026_TestingSetup.sdk\C_Controller_v1\Debug/../src/echo.c:173: undefined reference to `GLOBAL_FN_TCP_DATA'
./src/echo.o: In function `accept_callback':
C:\Chip2026_Testing\CHIP2026_TestingSetup\CHIP2026_TestingSetup.sdk\C_Controller_v1\Debug/../src/echo.c:214: undefined reference to `GLOBAL_WRITE_TCP_DATA'
C:\Chip2026_Testing\CHIP2026_TestingSetup\CHIP2026_TestingSetup.sdk\C_Controller_v1\Debug/../src/echo.c:214: undefined reference to `GLOBAL_WRITE_TCP_DATA'
./src/main.o: In function `main':
C:\Chip2026_Testing\CHIP2026_TestingSetup\CHIP2026_TestingSetup.sdk\C_Controller_v1\Debug/../src/main.c:240: undefined reference to `transfer_data'
collect2.exe: error: ld returned 1 exit status
make: *** [makefile:41: C_Controller_v1.elf] Error 1
14:17:10 **** Auto Build of configuration Debug for project C_Controller_v1 ****
make pre-build main-build 
a9-linaro-pre-build-step
' '
'Building file: ../src/main.c'
'Invoking: ARM v7 gcc compiler'
arm-none-eabi-gcc -Wall -O0 -g3 -c -fmessage-length=0 -MT"src/main.o" -mcpu=cortex-a9 -mfpu=vfpv3 -mfloat-abi=hard -I../../C_Controller_v1_bsp/ps7_cortexa9_0/include -MMD -MP -MF"src/main.d" -MT"src/main.o" -o "src/main.o" "../src/main.c"
../src/main.c: In function 'main':
../src/main.c:190:2: warning: implicit declaration of function 'print_ip_settings' [-Wimplicit-function-declaration]
  print_ip_settings(&ipaddr, &netmask, &gw);
  ^~~~~~~~~~~~~~~~~
'Finished building: ../src/main.c'
' '
'Building target: C_Controller_v1.elf'
'Invoking: ARM v7 gcc linker'
arm-none-eabi-gcc -mcpu=cortex-a9 -mfpu=vfpv3 -mfloat-abi=hard -Wl,-build-id=none -specs=Xilinx.spec -Wl,-T -Wl,../src/lscript.ld -L../../C_Controller_v1_bsp/ps7_cortexa9_0/lib -o "C_Controller_v1.elf"  ./src/echo.o ./src/i2c_access.o ./src/iic_phyreset.o ./src/main.o ./src/platform.o ./src/platform_mb.o ./src/platform_ppc.o ./src/platform_zynq.o ./src/platform_zynqmp.o ./src/sfp.o ./src/si5324.o   -Wl,--start-group,-lxil,-lgcc,-lc,--end-group -Wl,--start-group,-lxil,-llwip4,-lgcc,-lc,--end-group
./src/echo.o: In function `push_data':
C:\Chip2026_Testing\CHIP2026_TestingSetup\CHIP2026_TestingSetup.sdk\C_Controller_v1\Debug/../src/echo.c:91: undefined reference to `GLOBAL_WRITE_TCP_DATA'
C:\Chip2026_Testing\CHIP2026_TestingSetup\CHIP2026_TestingSetup.sdk\C_Controller_v1\Debug/../src/echo.c:91: undefined reference to `GLOBAL_WRITE_TCP_DATA'
C:\Chip2026_Testing\CHIP2026_TestingSetup\CHIP2026_TestingSetup.sdk\C_Controller_v1\Debug/../src/echo.c:95: undefined reference to `GLOBAL_WRITE_TCP_DATA'
C:\Chip2026_Testing\CHIP2026_TestingSetup\CHIP2026_TestingSetup.sdk\C_Controller_v1\Debug/../src/echo.c:95: undefined reference to `GLOBAL_WRITE_TCP_DATA'
C:\Chip2026_Testing\CHIP2026_TestingSetup\CHIP2026_TestingSetup.sdk\C_Controller_v1\Debug/../src/echo.c:97: undefined reference to `GLOBAL_WRITE_TCP_DATA'
./src/echo.o:C:\Chip2026_Testing\CHIP2026_TestingSetup\CHIP2026_TestingSetup.sdk\C_Controller_v1\Debug/../src/echo.c:97: more undefined references to `GLOBAL_WRITE_TCP_DATA' follow
./src/echo.o: In function `recv_callback':
C:\Chip2026_Testing\CHIP2026_TestingSetup\CHIP2026_TestingSetup.sdk\C_Controller_v1\Debug/../src/echo.c:146: undefined reference to `GLOBAL_FN_TCP_DATA'
C:\Chip2026_Testing\CHIP2026_TestingSetup\CHIP2026_TestingSetup.sdk\C_Controller_v1\Debug/../src/echo.c:146: undefined reference to `GLOBAL_FN_TCP_DATA'
C:\Chip2026_Testing\CHIP2026_TestingSetup\CHIP2026_TestingSetup.sdk\C_Controller_v1\Debug/../src/echo.c:148: undefined reference to `process_fn_data'
C:\Chip2026_Testing\CHIP2026_TestingSetup\CHIP2026_TestingSetup.sdk\C_Controller_v1\Debug/../src/echo.c:153: undefined reference to `GLOBAL_FN_TCP_DATA'
C:\Chip2026_Testing\CHIP2026_TestingSetup\CHIP2026_TestingSetup.sdk\C_Controller_v1\Debug/../src/echo.c:153: undefined reference to `GLOBAL_FN_TCP_DATA'
C:\Chip2026_Testing\CHIP2026_TestingSetup\CHIP2026_TestingSetup.sdk\C_Controller_v1\Debug/../src/echo.c:161: undefined reference to `GLOBAL_FN_TCP_DATA'
C:\Chip2026_Testing\CHIP2026_TestingSetup\CHIP2026_TestingSetup.sdk\C_Controller_v1\Debug/../src/echo.c:161: undefined reference to `GLOBAL_FN_TCP_DATA'
C:\Chip2026_Testing\CHIP2026_TestingSetup\CHIP2026_TestingSetup.sdk\C_Controller_v1\Debug/../src/echo.c:161: undefined reference to `GLOBAL_FN_TCP_DATA'
./src/echo.o:C:\Chip2026_Testing\CHIP2026_TestingSetup\CHIP2026_TestingSetup.sdk\C_Controller_v1\Debug/../src/echo.c:161: more undefined references to `GLOBAL_FN_TCP_DATA' follow
./src/echo.o: In function `recv_callback':
C:\Chip2026_Testing\CHIP2026_TestingSetup\CHIP2026_TestingSetup.sdk\C_Controller_v1\Debug/../src/echo.c:171: undefined reference to `transfer_data'
C:\Chip2026_Testing\CHIP2026_TestingSetup\CHIP2026_TestingSetup.sdk\C_Controller_v1\Debug/../src/echo.c:172: undefined reference to `GLOBAL_FN_TCP_DATA'
C:\Chip2026_Testing\CHIP2026_TestingSetup\CHIP2026_TestingSetup.sdk\C_Controller_v1\Debug/../src/echo.c:172: undefined reference to `GLOBAL_FN_TCP_DATA'
C:\Chip2026_Testing\CHIP2026_TestingSetup\CHIP2026_TestingSetup.sdk\C_Controller_v1\Debug/../src/echo.c:173: undefined reference to `GLOBAL_FN_TCP_DATA'
C:\Chip2026_Testing\CHIP2026_TestingSetup\CHIP2026_TestingSetup.sdk\C_Controller_v1\Debug/../src/echo.c:173: undefined reference to `GLOBAL_FN_TCP_DATA'
./src/echo.o: In function `accept_callback':
C:\Chip2026_Testing\CHIP2026_TestingSetup\CHIP2026_TestingSetup.sdk\C_Controller_v1\Debug/../src/echo.c:214: undefined reference to `GLOBAL_WRITE_TCP_DATA'
C:\Chip2026_Testing\CHIP2026_TestingSetup\CHIP2026_TestingSetup.sdk\C_Controller_v1\Debug/../src/echo.c:214: undefined reference to `GLOBAL_WRITE_TCP_DATA'
./src/main.o: In function `main':
C:\Chip2026_Testing\CHIP2026_TestingSetup\CHIP2026_TestingSetup.sdk\C_Controller_v1\Debug/../src/main.c:207: undefined reference to `transfer_data'
collect2.exe: error: ld returned 1 exit status
make: *** [makefile:41: C_Controller_v1.elf] Error 1
14:18:54 **** Auto Build of configuration Debug for project C_Controller_v1 ****
make pre-build main-build 
a9-linaro-pre-build-step
' '
'Building file: ../src/main.c'
'Invoking: ARM v7 gcc compiler'
arm-none-eabi-gcc -Wall -O0 -g3 -c -fmessage-length=0 -MT"src/main.o" -mcpu=cortex-a9 -mfpu=vfpv3 -mfloat-abi=hard -I../../C_Controller_v1_bsp/ps7_cortexa9_0/include -MMD -MP -MF"src/main.d" -MT"src/main.o" -o "src/main.o" "../src/main.c"
../src/main.c: In function 'main':
../src/main.c:196:2: warning: implicit declaration of function 'print_ip_settings' [-Wimplicit-function-declaration]
  print_ip_settings(&ipaddr, &netmask, &gw);
  ^~~~~~~~~~~~~~~~~
../src/main.c: At top level:
../src/main.c:88:23: error: storage size of 'GLOBAL_WRITE_TCP_DATA' isn't known
 struct WRTIE_TCP_DATA GLOBAL_WRITE_TCP_DATA;
                       ^~~~~~~~~~~~~~~~~~~~~
../src/main.c:89:26: error: storage size of 'GLOBAL_FN_TCP_DATA' isn't known
 struct TCP_FUNCTION_DATA GLOBAL_FN_TCP_DATA;
                          ^~~~~~~~~~~~~~~~~~
../src/main.c:90:16: error: storage size of 'GLOBAL_SM_DATA' isn't known
 struct SM_DATA GLOBAL_SM_DATA;
                ^~~~~~~~~~~~~~
../src/main.c:91:20: error: storage size of 'GLOBAL_LINEAR_DATA' isn't known
 struct LINEAR_DATA GLOBAL_LINEAR_DATA;
                    ^~~~~~~~~~~~~~~~~~
../src/main.c:92:25: error: storage size of 'GLOBAL_CONVOLUTION_DATA' isn't known
 struct CONVOLUTION_DATA GLOBAL_CONVOLUTION_DATA;
                         ^~~~~~~~~~~~~~~~~~~~~~~
make: *** [src/subdir.mk:53: src/main.o] Error 1
14:19:51 **** Auto Build of configuration Debug for project C_Controller_v1 ****
make pre-build main-build 
a9-linaro-pre-build-step
' '
'Building file: ../src/main.c'
'Invoking: ARM v7 gcc compiler'
arm-none-eabi-gcc -Wall -O0 -g3 -c -fmessage-length=0 -MT"src/main.o" -mcpu=cortex-a9 -mfpu=vfpv3 -mfloat-abi=hard -I../../C_Controller_v1_bsp/ps7_cortexa9_0/include -MMD -MP -MF"src/main.d" -MT"src/main.o" -o "src/main.o" "../src/main.c"
../src/main.c:56:5: error: conflicting types for 'transfer_data'
 int transfer_data();
     ^~~~~~~~~~~~~
In file included from ../src/main.c:43:0:
../src/utils.h:124:7: note: previous declaration of 'transfer_data' was here
 err_t transfer_data(u8* data, u32 len);
       ^~~~~~~~~~~~~
../src/main.c: In function 'main':
../src/main.c:197:2: warning: implicit declaration of function 'print_ip_settings' [-Wimplicit-function-declaration]
  print_ip_settings(&ipaddr, &netmask, &gw);
  ^~~~~~~~~~~~~~~~~
../src/main.c: At top level:
../src/main.c:91:16: error: storage size of 'GLOBAL_SM_DATA' isn't known
 struct SM_DATA GLOBAL_SM_DATA;
                ^~~~~~~~~~~~~~
make: *** [src/subdir.mk:53: src/main.o] Error 1
14:22:08 **** Auto Build of configuration Debug for project C_Controller_v1 ****
make pre-build main-build 
a9-linaro-pre-build-step
' '
'Building file: ../src/main.c'
'Invoking: ARM v7 gcc compiler'
arm-none-eabi-gcc -Wall -O0 -g3 -c -fmessage-length=0 -MT"src/main.o" -mcpu=cortex-a9 -mfpu=vfpv3 -mfloat-abi=hard -I../../C_Controller_v1_bsp/ps7_cortexa9_0/include -MMD -MP -MF"src/main.d" -MT"src/main.o" -o "src/main.o" "../src/main.c"
../src/main.c: In function 'main':
../src/main.c:197:2: warning: implicit declaration of function 'print_ip_settings' [-Wimplicit-function-declaration]
  print_ip_settings(&ipaddr, &netmask, &gw);
  ^~~~~~~~~~~~~~~~~
../src/main.c:214:3: error: too few arguments to function 'transfer_data'
   transfer_data();
   ^~~~~~~~~~~~~
In file included from ../src/main.c:43:0:
../src/utils.h:124:7: note: declared here
 err_t transfer_data(u8* data, u32 len);
       ^~~~~~~~~~~~~
../src/main.c: At top level:
../src/main.c:91:16: error: storage size of 'GLOBAL_SM_DATA' isn't known
 struct SM_DATA GLOBAL_SM_DATA;
                ^~~~~~~~~~~~~~
make: *** [src/subdir.mk:53: src/main.o] Error 1
14:22:46 **** Auto Build of configuration Debug for project C_Controller_v1 ****
make pre-build main-build 
a9-linaro-pre-build-step
' '
'Building file: ../src/main.c'
'Invoking: ARM v7 gcc compiler'
arm-none-eabi-gcc -Wall -O0 -g3 -c -fmessage-length=0 -MT"src/main.o" -mcpu=cortex-a9 -mfpu=vfpv3 -mfloat-abi=hard -I../../C_Controller_v1_bsp/ps7_cortexa9_0/include -MMD -MP -MF"src/main.d" -MT"src/main.o" -o "src/main.o" "../src/main.c"
../src/main.c: In function 'main':
../src/main.c:197:2: warning: implicit declaration of function 'print_ip_settings' [-Wimplicit-function-declaration]
  print_ip_settings(&ipaddr, &netmask, &gw);
  ^~~~~~~~~~~~~~~~~
../src/main.c:214:3: error: too few arguments to function 'transfer_data'
   transfer_data();
   ^~~~~~~~~~~~~
In file included from ../src/main.c:43:0:
../src/utils.h:124:7: note: declared here
 err_t transfer_data(u8* data, u32 len);
       ^~~~~~~~~~~~~
../src/main.c: At top level:
../src/main.c:91:16: error: storage size of 'GLOBAL_SM_DATA' isn't known
 struct SM_DATA GLOBAL_SM_DATA;
                ^~~~~~~~~~~~~~
make: *** [src/subdir.mk:53: src/main.o] Error 1
14:22:57 **** Auto Build of configuration Debug for project C_Controller_v1 ****
make pre-build main-build 
a9-linaro-pre-build-step
' '
'Building file: ../src/main.c'
'Invoking: ARM v7 gcc compiler'
arm-none-eabi-gcc -Wall -O0 -g3 -c -fmessage-length=0 -MT"src/main.o" -mcpu=cortex-a9 -mfpu=vfpv3 -mfloat-abi=hard -I../../C_Controller_v1_bsp/ps7_cortexa9_0/include -MMD -MP -MF"src/main.d" -MT"src/main.o" -o "src/main.o" "../src/main.c"
../src/main.c: In function 'main':
../src/main.c:197:2: warning: implicit declaration of function 'print_ip_settings' [-Wimplicit-function-declaration]
  print_ip_settings(&ipaddr, &netmask, &gw);
  ^~~~~~~~~~~~~~~~~
../src/main.c:214:3: error: too few arguments to function 'transfer_data'
   transfer_data();
   ^~~~~~~~~~~~~
In file included from ../src/main.c:43:0:
../src/utils.h:124:7: note: declared here
 err_t transfer_data(u8* data, u32 len);
       ^~~~~~~~~~~~~
../src/main.c: At top level:
../src/main.c:91:16: error: storage size of 'GLOBAL_SM_DATA' isn't known
 struct SM_DATA GLOBAL_SM_DATA;
                ^~~~~~~~~~~~~~
make: *** [src/subdir.mk:53: src/main.o] Error 1
14:29:20 **** Auto Build of configuration Debug for project C_Controller_v1 ****
make pre-build main-build 
a9-linaro-pre-build-step
' '
'Building file: ../src/main.c'
'Invoking: ARM v7 gcc compiler'
arm-none-eabi-gcc -Wall -O0 -g3 -c -fmessage-length=0 -MT"src/main.o" -mcpu=cortex-a9 -mfpu=vfpv3 -mfloat-abi=hard -I../../C_Controller_v1_bsp/ps7_cortexa9_0/include -MMD -MP -MF"src/main.d" -MT"src/main.o" -o "src/main.o" "../src/main.c"
../src/main.c: In function 'main':
../src/main.c:197:2: warning: implicit declaration of function 'print_ip_settings' [-Wimplicit-function-declaration]
  print_ip_settings(&ipaddr, &netmask, &gw);
  ^~~~~~~~~~~~~~~~~
../src/main.c:214:3: error: too few arguments to function 'transfer_data'
   transfer_data();
   ^~~~~~~~~~~~~
In file included from ../src/main.c:43:0:
../src/utils.h:124:7: note: declared here
 err_t transfer_data(u8* data, u32 len);
       ^~~~~~~~~~~~~
../src/main.c: At top level:
../src/main.c:91:16: error: storage size of 'GLOBAL_SM_DATA' isn't known
 struct SM_DATA GLOBAL_SM_DATA;
                ^~~~~~~~~~~~~~
make: *** [src/subdir.mk:53: src/main.o] Error 1
14:29:36 **** Auto Build of configuration Debug for project C_Controller_v1 ****
make pre-build main-build 
a9-linaro-pre-build-step
' '
'Building file: ../src/main.c'
'Invoking: ARM v7 gcc compiler'
arm-none-eabi-gcc -Wall -O0 -g3 -c -fmessage-length=0 -MT"src/main.o" -mcpu=cortex-a9 -mfpu=vfpv3 -mfloat-abi=hard -I../../C_Controller_v1_bsp/ps7_cortexa9_0/include -MMD -MP -MF"src/main.d" -MT"src/main.o" -o "src/main.o" "../src/main.c"
../src/main.c: In function 'main':
../src/main.c:197:2: warning: implicit declaration of function 'print_ip_settings' [-Wimplicit-function-declaration]
  print_ip_settings(&ipaddr, &netmask, &gw);
  ^~~~~~~~~~~~~~~~~
../src/main.c:214:3: error: too few arguments to function 'transfer_data'
   transfer_data();
   ^~~~~~~~~~~~~
In file included from ../src/main.c:43:0:
../src/utils.h:124:7: note: declared here
 err_t transfer_data(u8* data, u32 len);
       ^~~~~~~~~~~~~
../src/main.c: At top level:
../src/main.c:91:16: error: storage size of 'GLOBAL_SM_DATA' isn't known
 struct SM_DATA GLOBAL_SM_DATA;
                ^~~~~~~~~~~~~~
make: *** [src/subdir.mk:53: src/main.o] Error 1
14:31:31 **** Auto Build of configuration Debug for project C_Controller_v1 ****
make pre-build main-build 
a9-linaro-pre-build-step
' '
'Building file: ../src/main.c'
'Invoking: ARM v7 gcc compiler'
arm-none-eabi-gcc -Wall -O0 -g3 -c -fmessage-length=0 -MT"src/main.o" -mcpu=cortex-a9 -mfpu=vfpv3 -mfloat-abi=hard -I../../C_Controller_v1_bsp/ps7_cortexa9_0/include -MMD -MP -MF"src/main.d" -MT"src/main.o" -o "src/main.o" "../src/main.c"
../src/main.c: In function 'main':
../src/main.c:197:2: warning: implicit declaration of function 'print_ip_settings' [-Wimplicit-function-declaration]
  print_ip_settings(&ipaddr, &netmask, &gw);
  ^~~~~~~~~~~~~~~~~
../src/main.c:214:3: error: too few arguments to function 'transfer_data'
   transfer_data();
   ^~~~~~~~~~~~~
In file included from ../src/main.c:43:0:
../src/utils.h:124:7: note: declared here
 err_t transfer_data(u8* data, u32 len);
       ^~~~~~~~~~~~~
../src/main.c: At top level:
../src/main.c:91:16: error: storage size of 'GLOBAL_SM_DATA' isn't known
 struct SM_DATA GLOBAL_SM_DATA;
                ^~~~~~~~~~~~~~
make: *** [src/subdir.mk:53: src/main.o] Error 1
14:32:59 **** Auto Build of configuration Debug for project C_Controller_v1 ****
make pre-build main-build 
a9-linaro-pre-build-step
' '
'Building file: ../src/main.c'
'Invoking: ARM v7 gcc compiler'
arm-none-eabi-gcc -Wall -O0 -g3 -c -fmessage-length=0 -MT"src/main.o" -mcpu=cortex-a9 -mfpu=vfpv3 -mfloat-abi=hard -I../../C_Controller_v1_bsp/ps7_cortexa9_0/include -MMD -MP -MF"src/main.d" -MT"src/main.o" -o "src/main.o" "../src/main.c"
../src/main.c: In function 'main':
../src/main.c:197:2: warning: implicit declaration of function 'print_ip_settings' [-Wimplicit-function-declaration]
  print_ip_settings(&ipaddr, &netmask, &gw);
  ^~~~~~~~~~~~~~~~~
../src/main.c:214:3: error: too few arguments to function 'transfer_data'
   transfer_data();
   ^~~~~~~~~~~~~
In file included from ../src/main.c:43:0:
../src/utils.h:124:7: note: declared here
 err_t transfer_data(u8* data, u32 len);
       ^~~~~~~~~~~~~
../src/main.c: At top level:
../src/main.c:91:16: error: storage size of 'GLOBAL_SM_DATA' isn't known
 struct SM_DATA GLOBAL_SM_DATA;
                ^~~~~~~~~~~~~~
make: *** [src/subdir.mk:53: src/main.o] Error 1
14:33:05 **** Auto Build of configuration Debug for project C_Controller_v1 ****
make pre-build main-build 
a9-linaro-pre-build-step
' '
'Building file: ../src/main.c'
'Invoking: ARM v7 gcc compiler'
arm-none-eabi-gcc -Wall -O0 -g3 -c -fmessage-length=0 -MT"src/main.o" -mcpu=cortex-a9 -mfpu=vfpv3 -mfloat-abi=hard -I../../C_Controller_v1_bsp/ps7_cortexa9_0/include -MMD -MP -MF"src/main.d" -MT"src/main.o" -o "src/main.o" "../src/main.c"
../src/main.c: In function 'main':
../src/main.c:197:2: warning: implicit declaration of function 'print_ip_settings' [-Wimplicit-function-declaration]
  print_ip_settings(&ipaddr, &netmask, &gw);
  ^~~~~~~~~~~~~~~~~
../src/main.c:214:3: error: too few arguments to function 'transfer_data'
   transfer_data();
   ^~~~~~~~~~~~~
In file included from ../src/main.c:43:0:
../src/utils.h:124:7: note: declared here
 err_t transfer_data(u8* data, u32 len);
       ^~~~~~~~~~~~~
../src/main.c: At top level:
../src/main.c:91:16: error: storage size of 'GLOBAL_SM_DATA' isn't known
 struct SM_DATA GLOBAL_SM_DATA;
                ^~~~~~~~~~~~~~
make: *** [src/subdir.mk:53: src/main.o] Error 1
14:33:14 **** Auto Build of configuration Debug for project C_Controller_v1 ****
make pre-build main-build 
a9-linaro-pre-build-step
' '
'Building file: ../src/main.c'
'Invoking: ARM v7 gcc compiler'
arm-none-eabi-gcc -Wall -O0 -g3 -c -fmessage-length=0 -MT"src/main.o" -mcpu=cortex-a9 -mfpu=vfpv3 -mfloat-abi=hard -I../../C_Controller_v1_bsp/ps7_cortexa9_0/include -MMD -MP -MF"src/main.d" -MT"src/main.o" -o "src/main.o" "../src/main.c"
../src/main.c: In function 'main':
../src/main.c:197:2: warning: implicit declaration of function 'print_ip_settings' [-Wimplicit-function-declaration]
  print_ip_settings(&ipaddr, &netmask, &gw);
  ^~~~~~~~~~~~~~~~~
../src/main.c:214:3: error: too few arguments to function 'transfer_data'
   transfer_data();
   ^~~~~~~~~~~~~
In file included from ../src/main.c:43:0:
../src/utils.h:124:7: note: declared here
 err_t transfer_data(u8* data, u32 len);
       ^~~~~~~~~~~~~
../src/main.c: At top level:
../src/main.c:91:16: error: storage size of 'GLOBAL_SM_DATA' isn't known
 struct SM_DATA GLOBAL_SM_DATA;
                ^~~~~~~~~~~~~~
make: *** [src/subdir.mk:53: src/main.o] Error 1
14:34:22 **** Auto Build of configuration Debug for project C_Controller_v1 ****
make pre-build main-build 
a9-linaro-pre-build-step
' '
'Building file: ../src/main.c'
'Invoking: ARM v7 gcc compiler'
arm-none-eabi-gcc -Wall -O0 -g3 -c -fmessage-length=0 -MT"src/main.o" -mcpu=cortex-a9 -mfpu=vfpv3 -mfloat-abi=hard -I../../C_Controller_v1_bsp/ps7_cortexa9_0/include -MMD -MP -MF"src/main.d" -MT"src/main.o" -o "src/main.o" "../src/main.c"
../src/main.c: In function 'main':
../src/main.c:197:2: warning: implicit declaration of function 'print_ip_settings' [-Wimplicit-function-declaration]
  print_ip_settings(&ipaddr, &netmask, &gw);
  ^~~~~~~~~~~~~~~~~
../src/main.c:214:3: error: too few arguments to function 'transfer_data'
   transfer_data();
   ^~~~~~~~~~~~~
In file included from ../src/main.c:43:0:
../src/utils.h:124:7: note: declared here
 err_t transfer_data(u8* data, u32 len);
       ^~~~~~~~~~~~~
../src/main.c: At top level:
../src/main.c:91:16: error: storage size of 'GLOBAL_SM_DATA' isn't known
 struct SM_DATA GLOBAL_SM_DATA;
                ^~~~~~~~~~~~~~
make: *** [src/subdir.mk:53: src/main.o] Error 1
14:34:27 **** Auto Build of configuration Debug for project C_Controller_v1 ****
make pre-build main-build 
a9-linaro-pre-build-step
' '
'Building file: ../src/main.c'
'Invoking: ARM v7 gcc compiler'
arm-none-eabi-gcc -Wall -O0 -g3 -c -fmessage-length=0 -MT"src/main.o" -mcpu=cortex-a9 -mfpu=vfpv3 -mfloat-abi=hard -I../../C_Controller_v1_bsp/ps7_cortexa9_0/include -MMD -MP -MF"src/main.d" -MT"src/main.o" -o "src/main.o" "../src/main.c"
../src/main.c: In function 'main':
../src/main.c:197:2: warning: implicit declaration of function 'print_ip_settings' [-Wimplicit-function-declaration]
  print_ip_settings(&ipaddr, &netmask, &gw);
  ^~~~~~~~~~~~~~~~~
../src/main.c:214:3: error: too few arguments to function 'transfer_data'
   transfer_data();
   ^~~~~~~~~~~~~
In file included from ../src/main.c:43:0:
../src/utils.h:124:7: note: declared here
 err_t transfer_data(u8* data, u32 len);
       ^~~~~~~~~~~~~
../src/main.c: At top level:
../src/main.c:91:16: error: storage size of 'GLOBAL_SM_DATA' isn't known
 struct SM_DATA GLOBAL_SM_DATA;
                ^~~~~~~~~~~~~~
make: *** [src/subdir.mk:53: src/main.o] Error 1
14:34:36 **** Auto Build of configuration Debug for project C_Controller_v1 ****
make pre-build main-build 
a9-linaro-pre-build-step
' '
'Building file: ../src/main.c'
'Invoking: ARM v7 gcc compiler'
arm-none-eabi-gcc -Wall -O0 -g3 -c -fmessage-length=0 -MT"src/main.o" -mcpu=cortex-a9 -mfpu=vfpv3 -mfloat-abi=hard -I../../C_Controller_v1_bsp/ps7_cortexa9_0/include -MMD -MP -MF"src/main.d" -MT"src/main.o" -o "src/main.o" "../src/main.c"
../src/main.c: In function 'main':
../src/main.c:197:2: warning: implicit declaration of function 'print_ip_settings' [-Wimplicit-function-declaration]
  print_ip_settings(&ipaddr, &netmask, &gw);
  ^~~~~~~~~~~~~~~~~
../src/main.c:214:3: error: too few arguments to function 'transfer_data'
   transfer_data();
   ^~~~~~~~~~~~~
In file included from ../src/main.c:43:0:
../src/utils.h:124:7: note: declared here
 err_t transfer_data(u8* data, u32 len);
       ^~~~~~~~~~~~~
../src/main.c: At top level:
../src/main.c:91:16: error: storage size of 'GLOBAL_SM_DATA' isn't known
 struct SM_DATA GLOBAL_SM_DATA;
                ^~~~~~~~~~~~~~
make: *** [src/subdir.mk:53: src/main.o] Error 1
14:34:49 **** Auto Build of configuration Debug for project C_Controller_v1 ****
make pre-build main-build 
a9-linaro-pre-build-step
' '
'Building file: ../src/main.c'
'Invoking: ARM v7 gcc compiler'
arm-none-eabi-gcc -Wall -O0 -g3 -c -fmessage-length=0 -MT"src/main.o" -mcpu=cortex-a9 -mfpu=vfpv3 -mfloat-abi=hard -I../../C_Controller_v1_bsp/ps7_cortexa9_0/include -MMD -MP -MF"src/main.d" -MT"src/main.o" -o "src/main.o" "../src/main.c"
../src/main.c: In function 'main':
../src/main.c:197:2: warning: implicit declaration of function 'print_ip_settings' [-Wimplicit-function-declaration]
  print_ip_settings(&ipaddr, &netmask, &gw);
  ^~~~~~~~~~~~~~~~~
../src/main.c:214:3: error: too few arguments to function 'transfer_data'
   transfer_data();
   ^~~~~~~~~~~~~
In file included from ../src/main.c:43:0:
../src/utils.h:124:7: note: declared here
 err_t transfer_data(u8* data, u32 len);
       ^~~~~~~~~~~~~
../src/main.c: At top level:
../src/main.c:91:16: error: storage size of 'GLOBAL_SM_DATA' isn't known
 struct SM_DATA GLOBAL_SM_DATA;
                ^~~~~~~~~~~~~~
make: *** [src/subdir.mk:53: src/main.o] Error 1
14:34:52 **** Auto Build of configuration Debug for project C_Controller_v1 ****
make pre-build main-build 
a9-linaro-pre-build-step
' '
'Building file: ../src/main.c'
'Invoking: ARM v7 gcc compiler'
arm-none-eabi-gcc -Wall -O0 -g3 -c -fmessage-length=0 -MT"src/main.o" -mcpu=cortex-a9 -mfpu=vfpv3 -mfloat-abi=hard -I../../C_Controller_v1_bsp/ps7_cortexa9_0/include -MMD -MP -MF"src/main.d" -MT"src/main.o" -o "src/main.o" "../src/main.c"
../src/main.c: In function 'main':
../src/main.c:197:2: warning: implicit declaration of function 'print_ip_settings' [-Wimplicit-function-declaration]
  print_ip_settings(&ipaddr, &netmask, &gw);
  ^~~~~~~~~~~~~~~~~
../src/main.c:214:3: error: too few arguments to function 'transfer_data'
   transfer_data();
   ^~~~~~~~~~~~~
In file included from ../src/main.c:43:0:
../src/utils.h:124:7: note: declared here
 err_t transfer_data(u8* data, u32 len);
       ^~~~~~~~~~~~~
../src/main.c: At top level:
../src/main.c:91:16: error: storage size of 'GLOBAL_SM_DATA' isn't known
 struct SM_DATA GLOBAL_SM_DATA;
                ^~~~~~~~~~~~~~
make: *** [src/subdir.mk:53: src/main.o] Error 1
14:37:05 **** Auto Build of configuration Debug for project C_Controller_v1 ****
make pre-build main-build 
a9-linaro-pre-build-step
' '
'Building file: ../src/main.c'
'Invoking: ARM v7 gcc compiler'
arm-none-eabi-gcc -Wall -O0 -g3 -c -fmessage-length=0 -MT"src/main.o" -mcpu=cortex-a9 -mfpu=vfpv3 -mfloat-abi=hard -I../../C_Controller_v1_bsp/ps7_cortexa9_0/include -MMD -MP -MF"src/main.d" -MT"src/main.o" -o "src/main.o" "../src/main.c"
../src/main.c: In function 'main':
../src/main.c:197:2: warning: implicit declaration of function 'print_ip_settings' [-Wimplicit-function-declaration]
  print_ip_settings(&ipaddr, &netmask, &gw);
  ^~~~~~~~~~~~~~~~~
../src/main.c:214:3: error: too few arguments to function 'transfer_data'
   transfer_data();
   ^~~~~~~~~~~~~
In file included from ../src/main.c:43:0:
../src/utils.h:124:7: note: declared here
 err_t transfer_data(u8* data, u32 len);
       ^~~~~~~~~~~~~
../src/main.c: At top level:
../src/main.c:91:16: error: storage size of 'GLOBAL_SM_DATA' isn't known
 struct SM_DATA GLOBAL_SM_DATA;
                ^~~~~~~~~~~~~~
make: *** [src/subdir.mk:53: src/main.o] Error 1
14:37:19 **** Auto Build of configuration Debug for project C_Controller_v1 ****
make pre-build main-build 
a9-linaro-pre-build-step
' '
'Building file: ../src/main.c'
'Invoking: ARM v7 gcc compiler'
arm-none-eabi-gcc -Wall -O0 -g3 -c -fmessage-length=0 -MT"src/main.o" -mcpu=cortex-a9 -mfpu=vfpv3 -mfloat-abi=hard -I../../C_Controller_v1_bsp/ps7_cortexa9_0/include -MMD -MP -MF"src/main.d" -MT"src/main.o" -o "src/main.o" "../src/main.c"
../src/main.c: In function 'main':
../src/main.c:197:2: warning: implicit declaration of function 'print_ip_settings' [-Wimplicit-function-declaration]
  print_ip_settings(&ipaddr, &netmask, &gw);
  ^~~~~~~~~~~~~~~~~
../src/main.c:214:3: error: too few arguments to function 'transfer_data'
   transfer_data();
   ^~~~~~~~~~~~~
In file included from ../src/main.c:43:0:
../src/utils.h:124:7: note: declared here
 err_t transfer_data(u8* data, u32 len);
       ^~~~~~~~~~~~~
../src/main.c: At top level:
../src/main.c:91:16: error: storage size of 'GLOBAL_SM_DATA' isn't known
 struct SM_DATA GLOBAL_SM_DATA;
                ^~~~~~~~~~~~~~
make: *** [src/subdir.mk:53: src/main.o] Error 1
14:38:31 **** Auto Build of configuration Debug for project C_Controller_v1 ****
make pre-build main-build 
a9-linaro-pre-build-step
' '
'Building file: ../src/main.c'
'Invoking: ARM v7 gcc compiler'
arm-none-eabi-gcc -Wall -O0 -g3 -c -fmessage-length=0 -MT"src/main.o" -mcpu=cortex-a9 -mfpu=vfpv3 -mfloat-abi=hard -I../../C_Controller_v1_bsp/ps7_cortexa9_0/include -MMD -MP -MF"src/main.d" -MT"src/main.o" -o "src/main.o" "../src/main.c"
../src/main.c: In function 'main':
../src/main.c:197:2: warning: implicit declaration of function 'print_ip_settings' [-Wimplicit-function-declaration]
  print_ip_settings(&ipaddr, &netmask, &gw);
  ^~~~~~~~~~~~~~~~~
../src/main.c:214:3: error: too few arguments to function 'transfer_data'
   transfer_data();
   ^~~~~~~~~~~~~
In file included from ../src/main.c:43:0:
../src/utils.h:124:7: note: declared here
 err_t transfer_data(u8* data, u32 len);
       ^~~~~~~~~~~~~
../src/main.c: At top level:
../src/main.c:91:16: error: storage size of 'GLOBAL_SM_DATA' isn't known
 struct SM_DATA GLOBAL_SM_DATA;
                ^~~~~~~~~~~~~~
make: *** [src/subdir.mk:53: src/main.o] Error 1
14:39:03 **** Auto Build of configuration Debug for project C_Controller_v1 ****
make pre-build main-build 
a9-linaro-pre-build-step
' '
'Building file: ../src/main.c'
'Invoking: ARM v7 gcc compiler'
arm-none-eabi-gcc -Wall -O0 -g3 -c -fmessage-length=0 -MT"src/main.o" -mcpu=cortex-a9 -mfpu=vfpv3 -mfloat-abi=hard -I../../C_Controller_v1_bsp/ps7_cortexa9_0/include -MMD -MP -MF"src/main.d" -MT"src/main.o" -o "src/main.o" "../src/main.c"
../src/main.c: In function 'main':
../src/main.c:197:2: warning: implicit declaration of function 'print_ip_settings' [-Wimplicit-function-declaration]
  print_ip_settings(&ipaddr, &netmask, &gw);
  ^~~~~~~~~~~~~~~~~
../src/main.c:214:3: error: too few arguments to function 'transfer_data'
   transfer_data();
   ^~~~~~~~~~~~~
In file included from ../src/main.c:43:0:
../src/utils.h:124:7: note: declared here
 err_t transfer_data(u8* data, u32 len);
       ^~~~~~~~~~~~~
../src/main.c: At top level:
../src/main.c:91:16: error: storage size of 'GLOBAL_SM_DATA' isn't known
 struct SM_DATA GLOBAL_SM_DATA;
                ^~~~~~~~~~~~~~
make: *** [src/subdir.mk:53: src/main.o] Error 1
14:39:06 **** Auto Build of configuration Debug for project C_Controller_v1 ****
make pre-build main-build 
a9-linaro-pre-build-step
' '
'Building file: ../src/main.c'
'Invoking: ARM v7 gcc compiler'
arm-none-eabi-gcc -Wall -O0 -g3 -c -fmessage-length=0 -MT"src/main.o" -mcpu=cortex-a9 -mfpu=vfpv3 -mfloat-abi=hard -I../../C_Controller_v1_bsp/ps7_cortexa9_0/include -MMD -MP -MF"src/main.d" -MT"src/main.o" -o "src/main.o" "../src/main.c"
../src/main.c: In function 'main':
../src/main.c:197:2: warning: implicit declaration of function 'print_ip_settings' [-Wimplicit-function-declaration]
  print_ip_settings(&ipaddr, &netmask, &gw);
  ^~~~~~~~~~~~~~~~~
../src/main.c:214:3: error: too few arguments to function 'transfer_data'
   transfer_data();
   ^~~~~~~~~~~~~
In file included from ../src/main.c:43:0:
../src/utils.h:124:7: note: declared here
 err_t transfer_data(u8* data, u32 len);
       ^~~~~~~~~~~~~
../src/main.c: At top level:
../src/main.c:91:16: error: storage size of 'GLOBAL_SM_DATA' isn't known
 struct SM_DATA GLOBAL_SM_DATA;
                ^~~~~~~~~~~~~~
make: *** [src/subdir.mk:53: src/main.o] Error 1
14:39:09 **** Auto Build of configuration Debug for project C_Controller_v1 ****
make pre-build main-build 
a9-linaro-pre-build-step
' '
'Building file: ../src/main.c'
'Invoking: ARM v7 gcc compiler'
arm-none-eabi-gcc -Wall -O0 -g3 -c -fmessage-length=0 -MT"src/main.o" -mcpu=cortex-a9 -mfpu=vfpv3 -mfloat-abi=hard -I../../C_Controller_v1_bsp/ps7_cortexa9_0/include -MMD -MP -MF"src/main.d" -MT"src/main.o" -o "src/main.o" "../src/main.c"
../src/main.c: In function 'main':
../src/main.c:197:2: warning: implicit declaration of function 'print_ip_settings' [-Wimplicit-function-declaration]
  print_ip_settings(&ipaddr, &netmask, &gw);
  ^~~~~~~~~~~~~~~~~
../src/main.c:214:3: error: too few arguments to function 'transfer_data'
   transfer_data();
   ^~~~~~~~~~~~~
In file included from ../src/main.c:43:0:
../src/utils.h:124:7: note: declared here
 err_t transfer_data(u8* data, u32 len);
       ^~~~~~~~~~~~~
../src/main.c: At top level:
../src/main.c:91:16: error: storage size of 'GLOBAL_SM_DATA' isn't known
 struct SM_DATA GLOBAL_SM_DATA;
                ^~~~~~~~~~~~~~
make: *** [src/subdir.mk:53: src/main.o] Error 1
14:39:43 **** Auto Build of configuration Debug for project C_Controller_v1 ****
make pre-build main-build 
a9-linaro-pre-build-step
' '
'Building file: ../src/main.c'
'Invoking: ARM v7 gcc compiler'
arm-none-eabi-gcc -Wall -O0 -g3 -c -fmessage-length=0 -MT"src/main.o" -mcpu=cortex-a9 -mfpu=vfpv3 -mfloat-abi=hard -I../../C_Controller_v1_bsp/ps7_cortexa9_0/include -MMD -MP -MF"src/main.d" -MT"src/main.o" -o "src/main.o" "../src/main.c"
../src/main.c: In function 'main':
../src/main.c:197:2: warning: implicit declaration of function 'print_ip_settings' [-Wimplicit-function-declaration]
  print_ip_settings(&ipaddr, &netmask, &gw);
  ^~~~~~~~~~~~~~~~~
../src/main.c:214:3: error: too few arguments to function 'transfer_data'
   transfer_data();
   ^~~~~~~~~~~~~
In file included from ../src/main.c:43:0:
../src/utils.h:124:7: note: declared here
 err_t transfer_data(u8* data, u32 len);
       ^~~~~~~~~~~~~
../src/main.c: At top level:
../src/main.c:91:16: error: storage size of 'GLOBAL_SM_DATA' isn't known
 struct SM_DATA GLOBAL_SM_DATA;
                ^~~~~~~~~~~~~~
make: *** [src/subdir.mk:53: src/main.o] Error 1
14:40:23 **** Auto Build of configuration Debug for project C_Controller_v1 ****
make pre-build main-build 
a9-linaro-pre-build-step
' '
'Building file: ../src/main.c'
'Invoking: ARM v7 gcc compiler'
arm-none-eabi-gcc -Wall -O0 -g3 -c -fmessage-length=0 -MT"src/main.o" -mcpu=cortex-a9 -mfpu=vfpv3 -mfloat-abi=hard -I../../C_Controller_v1_bsp/ps7_cortexa9_0/include -MMD -MP -MF"src/main.d" -MT"src/main.o" -o "src/main.o" "../src/main.c"
../src/main.c: In function 'main':
../src/main.c:197:2: warning: implicit declaration of function 'print_ip_settings' [-Wimplicit-function-declaration]
  print_ip_settings(&ipaddr, &netmask, &gw);
  ^~~~~~~~~~~~~~~~~
../src/main.c:214:3: error: too few arguments to function 'transfer_data'
   transfer_data();
   ^~~~~~~~~~~~~
In file included from ../src/main.c:43:0:
../src/utils.h:124:7: note: declared here
 err_t transfer_data(u8* data, u32 len);
       ^~~~~~~~~~~~~
../src/main.c: At top level:
../src/main.c:91:16: error: storage size of 'GLOBAL_SM_DATA' isn't known
 struct SM_DATA GLOBAL_SM_DATA;
                ^~~~~~~~~~~~~~
make: *** [src/subdir.mk:53: src/main.o] Error 1
14:42:59 **** Auto Build of configuration Debug for project C_Controller_v1 ****
make pre-build main-build 
a9-linaro-pre-build-step
' '
'Building file: ../src/main.c'
'Invoking: ARM v7 gcc compiler'
arm-none-eabi-gcc -Wall -O0 -g3 -c -fmessage-length=0 -MT"src/main.o" -mcpu=cortex-a9 -mfpu=vfpv3 -mfloat-abi=hard -I../../C_Controller_v1_bsp/ps7_cortexa9_0/include -MMD -MP -MF"src/main.d" -MT"src/main.o" -o "src/main.o" "../src/main.c"
../src/main.c: In function 'main':
../src/main.c:197:2: warning: implicit declaration of function 'print_ip_settings' [-Wimplicit-function-declaration]
  print_ip_settings(&ipaddr, &netmask, &gw);
  ^~~~~~~~~~~~~~~~~
../src/main.c:214:3: error: too few arguments to function 'transfer_data'
   transfer_data();
   ^~~~~~~~~~~~~
In file included from ../src/main.c:43:0:
../src/utils.h:124:7: note: declared here
 err_t transfer_data(u8* data, u32 len);
       ^~~~~~~~~~~~~
../src/main.c: At top level:
../src/main.c:91:16: error: storage size of 'GLOBAL_SM_DATA' isn't known
 struct SM_DATA GLOBAL_SM_DATA;
                ^~~~~~~~~~~~~~
make: *** [src/subdir.mk:53: src/main.o] Error 1
14:45:42 **** Auto Build of configuration Debug for project C_Controller_v1 ****
make pre-build main-build 
a9-linaro-pre-build-step
' '
'Building file: ../src/main.c'
'Invoking: ARM v7 gcc compiler'
arm-none-eabi-gcc -Wall -O0 -g3 -c -fmessage-length=0 -MT"src/main.o" -mcpu=cortex-a9 -mfpu=vfpv3 -mfloat-abi=hard -I../../C_Controller_v1_bsp/ps7_cortexa9_0/include -MMD -MP -MF"src/main.d" -MT"src/main.o" -o "src/main.o" "../src/main.c"
../src/main.c: In function 'main':
../src/main.c:197:2: warning: implicit declaration of function 'print_ip_settings' [-Wimplicit-function-declaration]
  print_ip_settings(&ipaddr, &netmask, &gw);
  ^~~~~~~~~~~~~~~~~
../src/main.c:214:3: error: too few arguments to function 'transfer_data'
   transfer_data();
   ^~~~~~~~~~~~~
In file included from ../src/main.c:43:0:
../src/utils.h:124:7: note: declared here
 err_t transfer_data(u8* data, u32 len);
       ^~~~~~~~~~~~~
../src/main.c: At top level:
../src/main.c:91:16: error: storage size of 'GLOBAL_SM_DATA' isn't known
 struct SM_DATA GLOBAL_SM_DATA;
                ^~~~~~~~~~~~~~
make: *** [src/subdir.mk:53: src/main.o] Error 1
14:52:04 **** Auto Build of configuration Debug for project C_Controller_v1 ****
make pre-build main-build 
a9-linaro-pre-build-step
' '
'Building file: ../src/main.c'
'Invoking: ARM v7 gcc compiler'
arm-none-eabi-gcc -Wall -O0 -g3 -c -fmessage-length=0 -MT"src/main.o" -mcpu=cortex-a9 -mfpu=vfpv3 -mfloat-abi=hard -I../../C_Controller_v1_bsp/ps7_cortexa9_0/include -MMD -MP -MF"src/main.d" -MT"src/main.o" -o "src/main.o" "../src/main.c"
../src/main.c: In function 'main':
../src/main.c:197:2: warning: implicit declaration of function 'print_ip_settings' [-Wimplicit-function-declaration]
  print_ip_settings(&ipaddr, &netmask, &gw);
  ^~~~~~~~~~~~~~~~~
../src/main.c:214:3: error: too few arguments to function 'transfer_data'
   transfer_data();
   ^~~~~~~~~~~~~
In file included from ../src/main.c:43:0:
../src/utils.h:124:7: note: declared here
 err_t transfer_data(u8* data, u32 len);
       ^~~~~~~~~~~~~
../src/main.c: At top level:
../src/main.c:91:16: error: storage size of 'GLOBAL_SM_DATA' isn't known
 struct SM_DATA GLOBAL_SM_DATA;
                ^~~~~~~~~~~~~~
make: *** [src/subdir.mk:53: src/main.o] Error 1
14:53:48 **** Auto Build of configuration Debug for project C_Controller_v1 ****
make pre-build main-build 
a9-linaro-pre-build-step
' '
'Building file: ../src/echo.c'
'Invoking: ARM v7 gcc compiler'
arm-none-eabi-gcc -Wall -O0 -g3 -c -fmessage-length=0 -MT"src/echo.o" -mcpu=cortex-a9 -mfpu=vfpv3 -mfloat-abi=hard -I../../C_Controller_v1_bsp/ps7_cortexa9_0/include -MMD -MP -MF"src/echo.d" -MT"src/echo.o" -o "src/echo.o" "../src/echo.c"
../src/echo.c: In function 'recv_callback':
../src/echo.c:142:6: warning: implicit declaration of function 'Xil_DCacheInvalidateRange' [-Wimplicit-function-declaration]
      Xil_DCacheInvalidateRange((UINTPTR)q->payload, q->len);
      ^~~~~~~~~~~~~~~~~~~~~~~~~
'Finished building: ../src/echo.c'
' '
'Building file: ../src/main.c'
'Invoking: ARM v7 gcc compiler'
arm-none-eabi-gcc -Wall -O0 -g3 -c -fmessage-length=0 -MT"src/main.o" -mcpu=cortex-a9 -mfpu=vfpv3 -mfloat-abi=hard -I../../C_Controller_v1_bsp/ps7_cortexa9_0/include -MMD -MP -MF"src/main.d" -MT"src/main.o" -o "src/main.o" "../src/main.c"
../src/main.c: In function 'main':
../src/main.c:197:2: warning: implicit declaration of function 'print_ip_settings' [-Wimplicit-function-declaration]
  print_ip_settings(&ipaddr, &netmask, &gw);
  ^~~~~~~~~~~~~~~~~
../src/main.c:214:3: error: too few arguments to function 'transfer_data'
   transfer_data();
   ^~~~~~~~~~~~~
In file included from ../src/main.c:43:0:
../src/utils.h:124:7: note: declared here
 err_t transfer_data(u8* data, u32 len);
       ^~~~~~~~~~~~~
../src/main.c: At top level:
../src/main.c:91:16: error: storage size of 'GLOBAL_SM_DATA' isn't known
 struct SM_DATA GLOBAL_SM_DATA;
                ^~~~~~~~~~~~~~
make: *** [src/subdir.mk:53: src/main.o] Error 1
14:55:00 **** Auto Build of configuration Debug for project C_Controller_v1 ****
make pre-build main-build 
a9-linaro-pre-build-step
' '
'Building file: ../src/echo.c'
'Invoking: ARM v7 gcc compiler'
arm-none-eabi-gcc -Wall -O0 -g3 -c -fmessage-length=0 -MT"src/echo.o" -mcpu=cortex-a9 -mfpu=vfpv3 -mfloat-abi=hard -I../../C_Controller_v1_bsp/ps7_cortexa9_0/include -MMD -MP -MF"src/echo.d" -MT"src/echo.o" -o "src/echo.o" "../src/echo.c"
../src/echo.c: In function 'recv_callback':
../src/echo.c:142:6: warning: implicit declaration of function 'Xil_DCacheInvalidateRange' [-Wimplicit-function-declaration]
      Xil_DCacheInvalidateRange((UINTPTR)q->payload, q->len);
      ^~~~~~~~~~~~~~~~~~~~~~~~~
'Finished building: ../src/echo.c'
' '
'Building file: ../src/main.c'
'Invoking: ARM v7 gcc compiler'
arm-none-eabi-gcc -Wall -O0 -g3 -c -fmessage-length=0 -MT"src/main.o" -mcpu=cortex-a9 -mfpu=vfpv3 -mfloat-abi=hard -I../../C_Controller_v1_bsp/ps7_cortexa9_0/include -MMD -MP -MF"src/main.d" -MT"src/main.o" -o "src/main.o" "../src/main.c"
../src/main.c: In function 'main':
../src/main.c:197:2: warning: implicit declaration of function 'print_ip_settings' [-Wimplicit-function-declaration]
  print_ip_settings(&ipaddr, &netmask, &gw);
  ^~~~~~~~~~~~~~~~~
../src/main.c:214:3: error: too few arguments to function 'transfer_data'
   transfer_data();
   ^~~~~~~~~~~~~
In file included from ../src/main.c:43:0:
../src/utils.h:124:7: note: declared here
 err_t transfer_data(u8* data, u32 len);
       ^~~~~~~~~~~~~
../src/main.c: At top level:
../src/main.c:91:16: error: storage size of 'GLOBAL_SM_DATA' isn't known
 struct SM_DATA GLOBAL_SM_DATA;
                ^~~~~~~~~~~~~~
make: *** [src/subdir.mk:53: src/main.o] Error 1
14:55:46 **** Auto Build of configuration Debug for project C_Controller_v1 ****
make pre-build main-build 
a9-linaro-pre-build-step
' '
'Building file: ../src/main.c'
'Invoking: ARM v7 gcc compiler'
arm-none-eabi-gcc -Wall -O0 -g3 -c -fmessage-length=0 -MT"src/main.o" -mcpu=cortex-a9 -mfpu=vfpv3 -mfloat-abi=hard -I../../C_Controller_v1_bsp/ps7_cortexa9_0/include -MMD -MP -MF"src/main.d" -MT"src/main.o" -o "src/main.o" "../src/main.c"
../src/main.c: In function 'main':
../src/main.c:197:2: warning: implicit declaration of function 'print_ip_settings' [-Wimplicit-function-declaration]
  print_ip_settings(&ipaddr, &netmask, &gw);
  ^~~~~~~~~~~~~~~~~
../src/main.c:214:3: error: too few arguments to function 'transfer_data'
   transfer_data();
   ^~~~~~~~~~~~~
In file included from ../src/main.c:43:0:
../src/utils.h:124:7: note: declared here
 err_t transfer_data(u8* data, u32 len);
       ^~~~~~~~~~~~~
../src/main.c: At top level:
../src/main.c:91:16: error: storage size of 'GLOBAL_SM_DATA' isn't known
 struct SM_DATA GLOBAL_SM_DATA;
                ^~~~~~~~~~~~~~
make: *** [src/subdir.mk:53: src/main.o] Error 1
14:57:34 **** Auto Build of configuration Debug for project C_Controller_v1 ****
make pre-build main-build 
a9-linaro-pre-build-step
' '
'Building file: ../src/main.c'
'Invoking: ARM v7 gcc compiler'
arm-none-eabi-gcc -Wall -O0 -g3 -c -fmessage-length=0 -MT"src/main.o" -mcpu=cortex-a9 -mfpu=vfpv3 -mfloat-abi=hard -I../../C_Controller_v1_bsp/ps7_cortexa9_0/include -MMD -MP -MF"src/main.d" -MT"src/main.o" -o "src/main.o" "../src/main.c"
../src/main.c: In function 'main':
../src/main.c:197:2: warning: implicit declaration of function 'print_ip_settings' [-Wimplicit-function-declaration]
  print_ip_settings(&ipaddr, &netmask, &gw);
  ^~~~~~~~~~~~~~~~~
../src/main.c:214:3: error: too few arguments to function 'transfer_data'
   transfer_data();
   ^~~~~~~~~~~~~
In file included from ../src/main.c:43:0:
../src/utils.h:124:7: note: declared here
 err_t transfer_data(u8* data, u32 len);
       ^~~~~~~~~~~~~
../src/main.c: At top level:
../src/main.c:91:16: error: storage size of 'GLOBAL_SM_DATA' isn't known
 struct SM_DATA GLOBAL_SM_DATA;
                ^~~~~~~~~~~~~~
make: *** [src/subdir.mk:53: src/main.o] Error 1
15:02:55 **** Auto Build of configuration Debug for project C_Controller_v1 ****
make pre-build main-build 
a9-linaro-pre-build-step
' '
'Building file: ../src/main.c'
'Invoking: ARM v7 gcc compiler'
arm-none-eabi-gcc -Wall -O0 -g3 -c -fmessage-length=0 -MT"src/main.o" -mcpu=cortex-a9 -mfpu=vfpv3 -mfloat-abi=hard -I../../C_Controller_v1_bsp/ps7_cortexa9_0/include -MMD -MP -MF"src/main.d" -MT"src/main.o" -o "src/main.o" "../src/main.c"
../src/main.c: In function 'main':
../src/main.c:197:2: warning: implicit declaration of function 'print_ip_settings' [-Wimplicit-function-declaration]
  print_ip_settings(&ipaddr, &netmask, &gw);
  ^~~~~~~~~~~~~~~~~
../src/main.c:214:3: error: too few arguments to function 'transfer_data'
   transfer_data();
   ^~~~~~~~~~~~~
In file included from ../src/main.c:43:0:
../src/utils.h:124:7: note: declared here
 err_t transfer_data(u8* data, u32 len);
       ^~~~~~~~~~~~~
../src/main.c: At top level:
../src/main.c:91:16: error: storage size of 'GLOBAL_SM_DATA' isn't known
 struct SM_DATA GLOBAL_SM_DATA;
                ^~~~~~~~~~~~~~
make: *** [src/subdir.mk:53: src/main.o] Error 1
15:08:20 **** Auto Build of configuration Debug for project C_Controller_v1 ****
make pre-build main-build 
a9-linaro-pre-build-step
' '
'Building file: ../src/main.c'
'Invoking: ARM v7 gcc compiler'
arm-none-eabi-gcc -Wall -O0 -g3 -c -fmessage-length=0 -MT"src/main.o" -mcpu=cortex-a9 -mfpu=vfpv3 -mfloat-abi=hard -I../../C_Controller_v1_bsp/ps7_cortexa9_0/include -MMD -MP -MF"src/main.d" -MT"src/main.o" -o "src/main.o" "../src/main.c"
../src/main.c: In function 'main':
../src/main.c:197:2: warning: implicit declaration of function 'print_ip_settings' [-Wimplicit-function-declaration]
  print_ip_settings(&ipaddr, &netmask, &gw);
  ^~~~~~~~~~~~~~~~~
../src/main.c:214:3: error: too few arguments to function 'transfer_data'
   transfer_data();
   ^~~~~~~~~~~~~
In file included from ../src/main.c:43:0:
../src/utils.h:124:7: note: declared here
 err_t transfer_data(u8* data, u32 len);
       ^~~~~~~~~~~~~
../src/main.c: At top level:
../src/main.c:91:16: error: storage size of 'GLOBAL_SM_DATA' isn't known
 struct SM_DATA GLOBAL_SM_DATA;
                ^~~~~~~~~~~~~~
make: *** [src/subdir.mk:53: src/main.o] Error 1
15:08:30 **** Auto Build of configuration Debug for project C_Controller_v1 ****
make pre-build main-build 
a9-linaro-pre-build-step
' '
'Building file: ../src/main.c'
'Invoking: ARM v7 gcc compiler'
arm-none-eabi-gcc -Wall -O0 -g3 -c -fmessage-length=0 -MT"src/main.o" -mcpu=cortex-a9 -mfpu=vfpv3 -mfloat-abi=hard -I../../C_Controller_v1_bsp/ps7_cortexa9_0/include -MMD -MP -MF"src/main.d" -MT"src/main.o" -o "src/main.o" "../src/main.c"
../src/main.c: In function 'main':
../src/main.c:197:2: warning: implicit declaration of function 'print_ip_settings' [-Wimplicit-function-declaration]
  print_ip_settings(&ipaddr, &netmask, &gw);
  ^~~~~~~~~~~~~~~~~
../src/main.c:214:3: error: too few arguments to function 'transfer_data'
   transfer_data();
   ^~~~~~~~~~~~~
In file included from ../src/main.c:43:0:
../src/utils.h:124:7: note: declared here
 err_t transfer_data(u8* data, u32 len);
       ^~~~~~~~~~~~~
../src/main.c: At top level:
../src/main.c:91:16: error: storage size of 'GLOBAL_SM_DATA' isn't known
 struct SM_DATA GLOBAL_SM_DATA;
                ^~~~~~~~~~~~~~
make: *** [src/subdir.mk:53: src/main.o] Error 1
15:09:30 **** Auto Build of configuration Debug for project C_Controller_v1 ****
make pre-build main-build 
a9-linaro-pre-build-step
' '
'Building file: ../src/main.c'
'Invoking: ARM v7 gcc compiler'
arm-none-eabi-gcc -Wall -O0 -g3 -c -fmessage-length=0 -MT"src/main.o" -mcpu=cortex-a9 -mfpu=vfpv3 -mfloat-abi=hard -I../../C_Controller_v1_bsp/ps7_cortexa9_0/include -MMD -MP -MF"src/main.d" -MT"src/main.o" -o "src/main.o" "../src/main.c"
../src/main.c: In function 'main':
../src/main.c:197:2: warning: implicit declaration of function 'print_ip_settings' [-Wimplicit-function-declaration]
[...]
make -C ps7_cortexa9_0/libsrc/scugic_v3_10/src -s include  "SHELL=CMD" "COMPILER=arm-none-eabi-gcc" "ARCHIVER=arm-none-eabi-ar" "COMPILER_FLAGS=  -O2 -c" "EXTRA_COMPILER_FLAGS=-mcpu=cortex-a9 -mfpu=vfpv3 -mfloat-abi=hard -nostartfiles -g -Wall -Wextra"
"Running Make include in ps7_cortexa9_0/libsrc/scutimer_v2_1/src"
make -C ps7_cortexa9_0/libsrc/scutimer_v2_1/src -s include  "SHELL=CMD" "COMPILER=arm-none-eabi-gcc" "ARCHIVER=arm-none-eabi-ar" "COMPILER_FLAGS=  -O2 -c" "EXTRA_COMPILER_FLAGS=-mcpu=cortex-a9 -mfpu=vfpv3 -mfloat-abi=hard -nostartfiles -g -Wall -Wextra"
"Running Make include in ps7_cortexa9_0/libsrc/scuwdt_v2_1/src"
make -C ps7_cortexa9_0/libsrc/scuwdt_v2_1/src -s include  "SHELL=CMD" "COMPILER=arm-none-eabi-gcc" "ARCHIVER=arm-none-eabi-ar" "COMPILER_FLAGS=  -O2 -c" "EXTRA_COMPILER_FLAGS=-mcpu=cortex-a9 -mfpu=vfpv3 -mfloat-abi=hard -nostartfiles -g -Wall -Wextra"
"Running Make include in ps7_cortexa9_0/libsrc/sdps_v3_6/src"
make -C ps7_cortexa9_0/libsrc/sdps_v3_6/src -s include  "SHELL=CMD" "COMPILER=arm-none-eabi-gcc" "ARCHIVER=arm-none-eabi-ar" "COMPILER_FLAGS=  -O2 -c" "EXTRA_COMPILER_FLAGS=-mcpu=cortex-a9 -mfpu=vfpv3 -mfloat-abi=hard -nostartfiles -g -Wall -Wextra"
"Running Make include in ps7_cortexa9_0/libsrc/standalone_v6_8/src"
make -C ps7_cortexa9_0/libsrc/standalone_v6_8/src -s include  "SHELL=CMD" "COMPILER=arm-none-eabi-gcc" "ARCHIVER=arm-none-eabi-ar" "COMPILER_FLAGS=  -O2 -c" "EXTRA_COMPILER_FLAGS=-mcpu=cortex-a9 -mfpu=vfpv3 -mfloat-abi=hard -nostartfiles -g -Wall -Wextra"
"Running Make include in ps7_cortexa9_0/libsrc/ttcps_v3_7/src"
make -C ps7_cortexa9_0/libsrc/ttcps_v3_7/src -s include  "SHELL=CMD" "COMPILER=arm-none-eabi-gcc" "ARCHIVER=arm-none-eabi-ar" "COMPILER_FLAGS=  -O2 -c" "EXTRA_COMPILER_FLAGS=-mcpu=cortex-a9 -mfpu=vfpv3 -mfloat-abi=hard -nostartfiles -g -Wall -Wextra"
"Running Make include in ps7_cortexa9_0/libsrc/uartps_v3_7/src"
make -C ps7_cortexa9_0/libsrc/uartps_v3_7/src -s include  "SHELL=CMD" "COMPILER=arm-none-eabi-gcc" "ARCHIVER=arm-none-eabi-ar" "COMPILER_FLAGS=  -O2 -c" "EXTRA_COMPILER_FLAGS=-mcpu=cortex-a9 -mfpu=vfpv3 -mfloat-abi=hard -nostartfiles -g -Wall -Wextra"
"Running Make include in ps7_cortexa9_0/libsrc/usbps_v2_4/src"
make -C ps7_cortexa9_0/libsrc/usbps_v2_4/src -s include  "SHELL=CMD" "COMPILER=arm-none-eabi-gcc" "ARCHIVER=arm-none-eabi-ar" "COMPILER_FLAGS=  -O2 -c" "EXTRA_COMPILER_FLAGS=-mcpu=cortex-a9 -mfpu=vfpv3 -mfloat-abi=hard -nostartfiles -g -Wall -Wextra"
"Running Make include in ps7_cortexa9_0/libsrc/xadcps_v2_3/src"
make -C ps7_cortexa9_0/libsrc/xadcps_v2_3/src -s include  "SHELL=CMD" "COMPILER=arm-none-eabi-gcc" "ARCHIVER=arm-none-eabi-ar" "COMPILER_FLAGS=  -O2 -c" "EXTRA_COMPILER_FLAGS=-mcpu=cortex-a9 -mfpu=vfpv3 -mfloat-abi=hard -nostartfiles -g -Wall -Wextra"
"Running Make libs in ps7_cortexa9_0/libsrc/axidma_v9_8/src"
make -C ps7_cortexa9_0/libsrc/axidma_v9_8/src -s libs  "SHELL=CMD" "COMPILER=arm-none-eabi-gcc" "ARCHIVER=arm-none-eabi-ar" "COMPILER_FLAGS=  -O2 -c" "EXTRA_COMPILER_FLAGS=-mcpu=cortex-a9 -mfpu=vfpv3 -mfloat-abi=hard -nostartfiles -g -Wall -Wextra"
"Compiling axidma"
"Running Make libs in ps7_cortexa9_0/libsrc/coresightps_dcc_v1_4/src"
make -C ps7_cortexa9_0/libsrc/coresightps_dcc_v1_4/src -s libs  "SHELL=CMD" "COMPILER=arm-none-eabi-gcc" "ARCHIVER=arm-none-eabi-ar" "COMPILER_FLAGS=  -O2 -c" "EXTRA_COMPILER_FLAGS=-mcpu=cortex-a9 -mfpu=vfpv3 -mfloat-abi=hard -nostartfiles -g -Wall -Wextra"
"Compiling coresightps_dcc"
"Running Make libs in ps7_cortexa9_0/libsrc/cpu_cortexa9_v2_7/src"
make -C ps7_cortexa9_0/libsrc/cpu_cortexa9_v2_7/src -s libs  "SHELL=CMD" "COMPILER=arm-none-eabi-gcc" "ARCHIVER=arm-none-eabi-ar" "COMPILER_FLAGS=  -O2 -c" "EXTRA_COMPILER_FLAGS=-mcpu=cortex-a9 -mfpu=vfpv3 -mfloat-abi=hard -nostartfiles -g -Wall -Wextra"
"Compiling cpu_cortexa9"
"Running Make libs in ps7_cortexa9_0/libsrc/ddrps_v1_0/src"
make -C ps7_cortexa9_0/libsrc/ddrps_v1_0/src -s libs  "SHELL=CMD" "COMPILER=arm-none-eabi-gcc" "ARCHIVER=arm-none-eabi-ar" "COMPILER_FLAGS=  -O2 -c" "EXTRA_COMPILER_FLAGS=-mcpu=cortex-a9 -mfpu=vfpv3 -mfloat-abi=hard -nostartfiles -g -Wall -Wextra"
"Compiling ddrps"
"Running Make libs in ps7_cortexa9_0/libsrc/devcfg_v3_5/src"
make -C ps7_cortexa9_0/libsrc/devcfg_v3_5/src -s libs  "SHELL=CMD" "COMPILER=arm-none-eabi-gcc" "ARCHIVER=arm-none-eabi-ar" "COMPILER_FLAGS=  -O2 -c" "EXTRA_COMPILER_FLAGS=-mcpu=cortex-a9 -mfpu=vfpv3 -mfloat-abi=hard -nostartfiles -g -Wall -Wextra"
"Compiling devcfg"
"Running Make libs in ps7_cortexa9_0/libsrc/dmaps_v2_4/src"
make -C ps7_cortexa9_0/libsrc/dmaps_v2_4/src -s libs  "SHELL=CMD" "COMPILER=arm-none-eabi-gcc" "ARCHIVER=arm-none-eabi-ar" "COMPILER_FLAGS=  -O2 -c" "EXTRA_COMPILER_FLAGS=-mcpu=cortex-a9 -mfpu=vfpv3 -mfloat-abi=hard -nostartfiles -g -Wall -Wextra"
"Compiling dmaps"
"Running Make libs in ps7_cortexa9_0/libsrc/emacps_v3_8/src"
make -C ps7_cortexa9_0/libsrc/emacps_v3_8/src -s libs  "SHELL=CMD" "COMPILER=arm-none-eabi-gcc" "ARCHIVER=arm-none-eabi-ar" "COMPILER_FLAGS=  -O2 -c" "EXTRA_COMPILER_FLAGS=-mcpu=cortex-a9 -mfpu=vfpv3 -mfloat-abi=hard -nostartfiles -g -Wall -Wextra"
"Compiling emacps"
"Running Make libs in ps7_cortexa9_0/libsrc/gpiops_v3_4/src"
make -C ps7_cortexa9_0/libsrc/gpiops_v3_4/src -s libs  "SHELL=CMD" "COMPILER=arm-none-eabi-gcc" "ARCHIVER=arm-none-eabi-ar" "COMPILER_FLAGS=  -O2 -c" "EXTRA_COMPILER_FLAGS=-mcpu=cortex-a9 -mfpu=vfpv3 -mfloat-abi=hard -nostartfiles -g -Wall -Wextra"
"Compiling gpiops"
"Running Make libs in ps7_cortexa9_0/libsrc/gpio_v4_3/src"
make -C ps7_cortexa9_0/libsrc/gpio_v4_3/src -s libs  "SHELL=CMD" "COMPILER=arm-none-eabi-gcc" "ARCHIVER=arm-none-eabi-ar" "COMPILER_FLAGS=  -O2 -c" "EXTRA_COMPILER_FLAGS=-mcpu=cortex-a9 -mfpu=vfpv3 -mfloat-abi=hard -nostartfiles -g -Wall -Wextra"
"Compiling gpio"
"Running Make libs in ps7_cortexa9_0/libsrc/lwip202_v1_2/src"
make -C ps7_cortexa9_0/libsrc/lwip202_v1_2/src -s libs  "SHELL=CMD" "COMPILER=arm-none-eabi-gcc" "ARCHIVER=arm-none-eabi-ar" "COMPILER_FLAGS=  -O2 -c" "EXTRA_COMPILER_FLAGS=-mcpu=cortex-a9 -mfpu=vfpv3 -mfloat-abi=hard -nostartfiles -g -Wall -Wextra"
"Compiling lwip src and adapter files"
"Running Make libs in ps7_cortexa9_0/libsrc/qspips_v3_5/src"
make -C ps7_cortexa9_0/libsrc/qspips_v3_5/src -s libs  "SHELL=CMD" "COMPILER=arm-none-eabi-gcc" "ARCHIVER=arm-none-eabi-ar" "COMPILER_FLAGS=  -O2 -c" "EXTRA_COMPILER_FLAGS=-mcpu=cortex-a9 -mfpu=vfpv3 -mfloat-abi=hard -nostartfiles -g -Wall -Wextra"
"Compiling qspips"
"Running Make libs in ps7_cortexa9_0/libsrc/scugic_v3_10/src"
make -C ps7_cortexa9_0/libsrc/scugic_v3_10/src -s libs  "SHELL=CMD" "COMPILER=arm-none-eabi-gcc" "ARCHIVER=arm-none-eabi-ar" "COMPILER_FLAGS=  -O2 -c" "EXTRA_COMPILER_FLAGS=-mcpu=cortex-a9 -mfpu=vfpv3 -mfloat-abi=hard -nostartfiles -g -Wall -Wextra"
"Compiling scugic"
"Running Make libs in ps7_cortexa9_0/libsrc/scutimer_v2_1/src"
make -C ps7_cortexa9_0/libsrc/scutimer_v2_1/src -s libs  "SHELL=CMD" "COMPILER=arm-none-eabi-gcc" "ARCHIVER=arm-none-eabi-ar" "COMPILER_FLAGS=  -O2 -c" "EXTRA_COMPILER_FLAGS=-mcpu=cortex-a9 -mfpu=vfpv3 -mfloat-abi=hard -nostartfiles -g -Wall -Wextra"
"Compiling scutimer"
"Running Make libs in ps7_cortexa9_0/libsrc/scuwdt_v2_1/src"
make -C ps7_cortexa9_0/libsrc/scuwdt_v2_1/src -s libs  "SHELL=CMD" "COMPILER=arm-none-eabi-gcc" "ARCHIVER=arm-none-eabi-ar" "COMPILER_FLAGS=  -O2 -c" "EXTRA_COMPILER_FLAGS=-mcpu=cortex-a9 -mfpu=vfpv3 -mfloat-abi=hard -nostartfiles -g -Wall -Wextra"
"Compiling scuwdt"
"Running Make libs in ps7_cortexa9_0/libsrc/sdps_v3_6/src"
make -C ps7_cortexa9_0/libsrc/sdps_v3_6/src -s libs  "SHELL=CMD" "COMPILER=arm-none-eabi-gcc" "ARCHIVER=arm-none-eabi-ar" "COMPILER_FLAGS=  -O2 -c" "EXTRA_COMPILER_FLAGS=-mcpu=cortex-a9 -mfpu=vfpv3 -mfloat-abi=hard -nostartfiles -g -Wall -Wextra"
"Compiling sdps"
"Running Make libs in ps7_cortexa9_0/libsrc/standalone_v6_8/src"
make -C ps7_cortexa9_0/libsrc/standalone_v6_8/src -s libs  "SHELL=CMD" "COMPILER=arm-none-eabi-gcc" "ARCHIVER=arm-none-eabi-ar" "COMPILER_FLAGS=  -O2 -c" "EXTRA_COMPILER_FLAGS=-mcpu=cortex-a9 -mfpu=vfpv3 -mfloat-abi=hard -nostartfiles -g -Wall -Wextra"
"Compiling standalone"
In file included from usleep.c:56:0:
xtime_l.h:87:9: note: #pragma message: For the sleep routines, Global timer is being used
 #pragma message ("For the sleep routines, Global timer is being used")
         ^~~~~~~
In file included from sleep.c:53:0:
xtime_l.h:87:9: note: #pragma message: For the sleep routines, Global timer is being used
 #pragma message ("For the sleep routines, Global timer is being used")
         ^~~~~~~
In file included from xil_sleeptimer.c:51:0:
xtime_l.h:87:9: note: #pragma message: For the sleep routines, Global timer is being used
 #pragma message ("For the sleep routines, Global timer is being used")
         ^~~~~~~
In file included from xtime_l.c:49:0:
xtime_l.h:87:9: note: #pragma message: For the sleep routines, Global timer is being used
 #pragma message ("For the sleep routines, Global timer is being used")
         ^~~~~~~
"Running Make libs in ps7_cortexa9_0/libsrc/ttcps_v3_7/src"
make -C ps7_cortexa9_0/libsrc/ttcps_v3_7/src -s libs  "SHELL=CMD" "COMPILER=arm-none-eabi-gcc" "ARCHIVER=arm-none-eabi-ar" "COMPILER_FLAGS=  -O2 -c" "EXTRA_COMPILER_FLAGS=-mcpu=cortex-a9 -mfpu=vfpv3 -mfloat-abi=hard -nostartfiles -g -Wall -Wextra"
"Compiling ttcps"
"Running Make libs in ps7_cortexa9_0/libsrc/uartps_v3_7/src"
make -C ps7_cortexa9_0/libsrc/uartps_v3_7/src -s libs  "SHELL=CMD" "COMPILER=arm-none-eabi-gcc" "ARCHIVER=arm-none-eabi-ar" "COMPILER_FLAGS=  -O2 -c" "EXTRA_COMPILER_FLAGS=-mcpu=cortex-a9 -mfpu=vfpv3 -mfloat-abi=hard -nostartfiles -g -Wall -Wextra"
"Compiling uartps"
"Running Make libs in ps7_cortexa9_0/libsrc/usbps_v2_4/src"
make -C ps7_cortexa9_0/libsrc/usbps_v2_4/src -s libs  "SHELL=CMD" "COMPILER=arm-none-eabi-gcc" "ARCHIVER=arm-none-eabi-ar" "COMPILER_FLAGS=  -O2 -c" "EXTRA_COMPILER_FLAGS=-mcpu=cortex-a9 -mfpu=vfpv3 -mfloat-abi=hard -nostartfiles -g -Wall -Wextra"
"Compiling usbps"
"Running Make libs in ps7_cortexa9_0/libsrc/xadcps_v2_3/src"
make -C ps7_cortexa9_0/libsrc/xadcps_v2_3/src -s libs  "SHELL=CMD" "COMPILER=arm-none-eabi-gcc" "ARCHIVER=arm-none-eabi-ar" "COMPILER_FLAGS=  -O2 -c" "EXTRA_COMPILER_FLAGS=-mcpu=cortex-a9 -mfpu=vfpv3 -mfloat-abi=hard -nostartfiles -g -Wall -Wextra"
"Compiling xadcps"
'Finished building libraries'
10:00:01 **** Auto Build of configuration Debug for project C_Controller_v1 ****
make pre-build main-build 
a9-linaro-pre-build-step
' '
'Building file: ../src/echo.c'
'Invoking: ARM v7 gcc compiler'
arm-none-eabi-gcc -Wall -O0 -g3 -c -fmessage-length=0 -MT"src/echo.o" -mcpu=cortex-a9 -mfpu=vfpv3 -mfloat-abi=hard -I../../C_Controller_v1_bsp/ps7_cortexa9_0/include -MMD -MP -MF"src/echo.d" -MT"src/echo.o" -o "src/echo.o" "../src/echo.c"
'Finished building: ../src/echo.c'
' '
'Building file: ../src/i2c_access.c'
'Invoking: ARM v7 gcc compiler'
arm-none-eabi-gcc -Wall -O0 -g3 -c -fmessage-length=0 -MT"src/i2c_access.o" -mcpu=cortex-a9 -mfpu=vfpv3 -mfloat-abi=hard -I../../C_Controller_v1_bsp/ps7_cortexa9_0/include -MMD -MP -MF"src/i2c_access.d" -MT"src/i2c_access.o" -o "src/i2c_access.o" "../src/i2c_access.c"
'Finished building: ../src/i2c_access.c'
' '
'Building file: ../src/iic_phyreset.c'
'Invoking: ARM v7 gcc compiler'
arm-none-eabi-gcc -Wall -O0 -g3 -c -fmessage-length=0 -MT"src/iic_phyreset.o" -mcpu=cortex-a9 -mfpu=vfpv3 -mfloat-abi=hard -I../../C_Controller_v1_bsp/ps7_cortexa9_0/include -MMD -MP -MF"src/iic_phyreset.d" -MT"src/iic_phyreset.o" -o "src/iic_phyreset.o" "../src/iic_phyreset.c"
'Finished building: ../src/iic_phyreset.c'
' '
'Building file: ../src/main.c'
'Invoking: ARM v7 gcc compiler'
arm-none-eabi-gcc -Wall -O0 -g3 -c -fmessage-length=0 -MT"src/main.o" -mcpu=cortex-a9 -mfpu=vfpv3 -mfloat-abi=hard -I../../C_Controller_v1_bsp/ps7_cortexa9_0/include -MMD -MP -MF"src/main.d" -MT"src/main.o" -o "src/main.o" "../src/main.c"
In file included from ../../C_Controller_v1_bsp/ps7_cortexa9_0/include/xaxidma_bd.h:116:0,
                 from ../../C_Controller_v1_bsp/ps7_cortexa9_0/include/xaxidma_bdring.h:83,
                 from ../../C_Controller_v1_bsp/ps7_cortexa9_0/include/xaxidma.h:488,
                 from ../src/state_machine.h:9,
                 from ../src/main.c:43:
../../C_Controller_v1_bsp/ps7_cortexa9_0/include/xdebug.h:8:2: warning: #warning DEBUG is enabled [-Wcpp]
 #warning DEBUG is enabled
  ^~~~~~~
../src/main.c: In function 'main':
../src/main.c:159:2: warning: implicit declaration of function 'print_ip_settings' [-Wimplicit-function-declaration]
  print_ip_settings(&ipaddr, &netmask, &gw);
  ^~~~~~~~~~~~~~~~~
'Finished building: ../src/main.c'
' '
'Building file: ../src/platform_zynq.c'
'Invoking: ARM v7 gcc compiler'
arm-none-eabi-gcc -Wall -O0 -g3 -c -fmessage-length=0 -MT"src/platform_zynq.o" -mcpu=cortex-a9 -mfpu=vfpv3 -mfloat-abi=hard -I../../C_Controller_v1_bsp/ps7_cortexa9_0/include -MMD -MP -MF"src/platform_zynq.d" -MT"src/platform_zynq.o" -o "src/platform_zynq.o" "../src/platform_zynq.c"
'Finished building: ../src/platform_zynq.c'
' '
'Building file: ../src/platform_zynqmp.c'
'Invoking: ARM v7 gcc compiler'
arm-none-eabi-gcc -Wall -O0 -g3 -c -fmessage-length=0 -MT"src/platform_zynqmp.o" -mcpu=cortex-a9 -mfpu=vfpv3 -mfloat-abi=hard -I../../C_Controller_v1_bsp/ps7_cortexa9_0/include -MMD -MP -MF"src/platform_zynqmp.d" -MT"src/platform_zynqmp.o" -o "src/platform_zynqmp.o" "../src/platform_zynqmp.c"
'Finished building: ../src/platform_zynqmp.c'
' '
'Building file: ../src/sfp.c'
'Invoking: ARM v7 gcc compiler'
arm-none-eabi-gcc -Wall -O0 -g3 -c -fmessage-length=0 -MT"src/sfp.o" -mcpu=cortex-a9 -mfpu=vfpv3 -mfloat-abi=hard -I../../C_Controller_v1_bsp/ps7_cortexa9_0/include -MMD -MP -MF"src/sfp.d" -MT"src/sfp.o" -o "src/sfp.o" "../src/sfp.c"
'Finished building: ../src/sfp.c'
' '
'Building file: ../src/si5324.c'
'Invoking: ARM v7 gcc compiler'
arm-none-eabi-gcc -Wall -O0 -g3 -c -fmessage-length=0 -MT"src/si5324.o" -mcpu=cortex-a9 -mfpu=vfpv3 -mfloat-abi=hard -I../../C_Controller_v1_bsp/ps7_cortexa9_0/include -MMD -MP -MF"src/si5324.d" -MT"src/si5324.o" -o "src/si5324.o" "../src/si5324.c"
'Finished building: ../src/si5324.c'
' '
'Building file: ../src/state_machine.c'
'Invoking: ARM v7 gcc compiler'
arm-none-eabi-gcc -Wall -O0 -g3 -c -fmessage-length=0 -MT"src/state_machine.o" -mcpu=cortex-a9 -mfpu=vfpv3 -mfloat-abi=hard -I../../C_Controller_v1_bsp/ps7_cortexa9_0/include -MMD -MP -MF"src/state_machine.d" -MT"src/state_machine.o" -o "src/state_machine.o" "../src/state_machine.c"
In file included from ../../C_Controller_v1_bsp/ps7_cortexa9_0/include/xaxidma_bd.h:116:0,
                 from ../../C_Controller_v1_bsp/ps7_cortexa9_0/include/xaxidma_bdring.h:83,
                 from ../../C_Controller_v1_bsp/ps7_cortexa9_0/include/xaxidma.h:488,
                 from ../src/state_machine.h:9,
                 from ../src/state_machine.c:7:
../../C_Controller_v1_bsp/ps7_cortexa9_0/include/xdebug.h:8:2: warning: #warning DEBUG is enabled [-Wcpp]
 #warning DEBUG is enabled
  ^~~~~~~
In file included from ../src/state_machine.c:9:0:
../../C_Controller_v1_bsp/ps7_cortexa9_0/include/xtime_l.h:87:9: note: #pragma message: For the sleep routines, Global timer is being used
 #pragma message ("For the sleep routines, Global timer is being used")
         ^~~~~~~
In file included from ../src/state_machine.h:6:0,
                 from ../src/state_machine.c:7:
../src/echo.h:38:21: warning: 'server_netif' defined but not used [-Wunused-variable]
 static struct netif server_netif;
                     ^~~~~~~~~~~~
'Finished building: ../src/state_machine.c'
' '
'Building file: ../src/utils.c'
'Invoking: ARM v7 gcc compiler'
arm-none-eabi-gcc -Wall -O0 -g3 -c -fmessage-length=0 -MT"src/utils.o" -mcpu=cortex-a9 -mfpu=vfpv3 -mfloat-abi=hard -I../../C_Controller_v1_bsp/ps7_cortexa9_0/include -MMD -MP -MF"src/utils.d" -MT"src/utils.o" -o "src/utils.o" "../src/utils.c"
In file included from ../../C_Controller_v1_bsp/ps7_cortexa9_0/include/xaxidma_bd.h:116:0,
                 from ../../C_Controller_v1_bsp/ps7_cortexa9_0/include/xaxidma_bdring.h:83,
                 from ../../C_Controller_v1_bsp/ps7_cortexa9_0/include/xaxidma.h:488,
                 from ../src/state_machine.h:9,
                 from ../src/utils.c:3:
../../C_Controller_v1_bsp/ps7_cortexa9_0/include/xdebug.h:8:2: warning: #warning DEBUG is enabled [-Wcpp]
 #warning DEBUG is enabled
  ^~~~~~~
../src/utils.c: In function 'initialise_FPGA':
../src/utils.c:129:2: warning: implicit declaration of function 'sleep' [-Wimplicit-function-declaration]
  sleep(1); //Let the IOs.
  ^~~~~
../src/utils.c: In function 'dma_send_recv_test':
../src/utils.c:452:2: warning: this 'while' clause does not guard... [-Wmisleading-indentation]
  while (XAxiDma_Busy(&GLOBAL_SM_DATA.AxiDma, XAXIDMA_DMA_TO_DEVICE));
  ^~~~~
../src/utils.c:454:2: note: ...this statement, but the latter is misleadingly indented as if it were guarded by the 'while'
  {
  ^
../src/utils.c: In function 'verilog_scan_in':
../src/utils.c:519:2: warning: this 'while' clause does not guard... [-Wmisleading-indentation]
  while (XAxiDma_Busy(&GLOBAL_SM_DATA.AxiDma, XAXIDMA_DMA_TO_DEVICE));
  ^~~~~
../src/utils.c:521:2: note: ...this statement, but the latter is misleadingly indented as if it were guarded by the 'while'
  {
  ^
../src/utils.c:542:2: warning: this 'while' clause does not guard... [-Wmisleading-indentation]
  while(!(get_AXI_Bits(0) & (u8)4));
  ^~~~~
../src/utils.c:544:2: note: ...this statement, but the latter is misleadingly indented as if it were guarded by the 'while'
  {
  ^
../src/utils.c: In function 'verilog_scan_out':
../src/utils.c:576:2: warning: this 'while' clause does not guard... [-Wmisleading-indentation]
  while(!(get_AXI_Bits(0) & (u8)8));
  ^~~~~
../src/utils.c:578:2: note: ...this statement, but the latter is misleadingly indented as if it were guarded by the 'while'
  {
  ^
../src/utils.c:600:2: warning: this 'while' clause does not guard... [-Wmisleading-indentation]
  while (XAxiDma_Busy(&GLOBAL_SM_DATA.AxiDma, XAXIDMA_DEVICE_TO_DMA));
  ^~~~~
../src/utils.c:603:2: note: ...this statement, but the latter is misleadingly indented as if it were guarded by the 'while'
  {
  ^
../src/utils.c: In function 'write_SRAM_WL_Verilog':
../src/utils.c:703:2: warning: this 'while' clause does not guard... [-Wmisleading-indentation]
  while(!(get_AXI_Bits(0) & (u8)16));
  ^~~~~
../src/utils.c:706:2: note: ...this statement, but the latter is misleadingly indented as if it were guarded by the 'while'
  {
  ^
../src/utils.c: In function 'marching_Pattern_SRAM':
../src/utils.c:990:7: warning: variable 'scanned_bytes' set but not used [-Wunused-but-set-variable]
   u16 scanned_bytes = read_SRAM_WL(wl);
       ^~~~~~~~~~~~~
In file included from ../src/state_machine.h:6:0,
                 from ../src/utils.c:3:
At top level:
../src/echo.h:38:21: warning: 'server_netif' defined but not used [-Wunused-variable]
 static struct netif server_netif;
                     ^~~~~~~~~~~~
'Finished building: ../src/utils.c'
' '
'Building target: C_Controller_v1.elf'
'Invoking: ARM v7 gcc linker'
arm-none-eabi-gcc -mcpu=cortex-a9 -mfpu=vfpv3 -mfloat-abi=hard -Wl,-build-id=none -specs=Xilinx.spec -Wl,-T -Wl,../src/lscript.ld -L../../C_Controller_v1_bsp/ps7_cortexa9_0/lib -o "C_Controller_v1.elf"  ./src/echo.o ./src/i2c_access.o ./src/iic_phyreset.o ./src/main.o ./src/platform.o ./src/platform_mb.o ./src/platform_ppc.o ./src/platform_zynq.o ./src/platform_zynqmp.o ./src/sfp.o ./src/si5324.o ./src/state_machine.o ./src/utils.o   -Wl,--start-group,-lxil,-lgcc,-lc,--end-group -Wl,--start-group,-lxil,-llwip4,-lgcc,-lc,--end-group
'Finished building target: C_Controller_v1.elf'
' '
'Invoking: ARM v7 Print Size'
arm-none-eabi-size C_Controller_v1.elf  |tee "C_Controller_v1.elf.size"
   text	   data	    bss	    dec	    hex	filename
 170420	   3592	424712480	424886492	195340dc	C_Controller_v1.elf
'Finished building: C_Controller_v1.elf.size'
' '
